Archive member included because of file (symbol)

C:/Project/MyDesign/Firmware/QNX/BSP_Standard_Platform/bsp-ti-omap-l137-std-platform/src/hardware/startup/lib/arm/a.le\libstartup.a(_main.o)
                              main.o (shdr)
C:/Project/MyDesign/Firmware/QNX/BSP_Standard_Platform/bsp-ti-omap-l137-std-platform/src/hardware/startup/lib/arm/a.le\libstartup.a(add_interrupt.o)
                              init_intrinfo.o (add_interrupt_array)
C:/Project/MyDesign/Firmware/QNX/BSP_Standard_Platform/bsp-ti-omap-l137-std-platform/src/hardware/startup/lib/arm/a.le\libstartup.a(alloc_qtime.o)
                              init_qtime.o (alloc_qtime)
C:/Project/MyDesign/Firmware/QNX/BSP_Standard_Platform/bsp-ti-omap-l137-std-platform/src/hardware/startup/lib/arm/a.le\libstartup.a(bcd2bin.o)
                              hw_rtc_omapl1xx.o (bcd2bin)
C:/Project/MyDesign/Firmware/QNX/BSP_Standard_Platform/bsp-ti-omap-l137-std-platform/src/hardware/startup/lib/arm/a.le\libstartup.a(board_init.o)
                              C:/Project/MyDesign/Firmware/QNX/BSP_Standard_Platform/bsp-ti-omap-l137-std-platform/src/hardware/startup/lib/arm/a.le\libstartup.a(_main.o) (board_init)
C:/Project/MyDesign/Firmware/QNX/BSP_Standard_Platform/bsp-ti-omap-l137-std-platform/src/hardware/startup/lib/arm/a.le\libstartup.a(calc_time_t.o)
                              hw_rtc_omapl1xx.o (calc_time_t)
C:/Project/MyDesign/Firmware/QNX/BSP_Standard_Platform/bsp-ti-omap-l137-std-platform/src/hardware/startup/lib/arm/a.le\libstartup.a(callout_debug_8250.o)
                              main.o (display_char_8250)
C:/Project/MyDesign/Firmware/QNX/BSP_Standard_Platform/bsp-ti-omap-l137-std-platform/src/hardware/startup/lib/arm/a.le\libstartup.a(callout_interrupt_dm6446_edma.o)
                              init_intrinfo.o (interrupt_id_dma_ints)
C:/Project/MyDesign/Firmware/QNX/BSP_Standard_Platform/bsp-ti-omap-l137-std-platform/src/hardware/startup/lib/arm/a.le\libstartup.a(callout_interrupt_omapl1xx.o)
                              init_intrinfo.o (interrupt_id_omapl1xx)
C:/Project/MyDesign/Firmware/QNX/BSP_Standard_Platform/bsp-ti-omap-l137-std-platform/src/hardware/startup/lib/arm/a.le\libstartup.a(callout_interrupt_omapl1xx_gpio.o)
                              init_intrinfo.o (interrupt_id_omapl1xx_gpio)
C:/Project/MyDesign/Firmware/QNX/BSP_Standard_Platform/bsp-ti-omap-l137-std-platform/src/hardware/startup/lib/arm/a.le\libstartup.a(callout_reboot_omapl1xx.o)
                              main.o (reboot_omapl1xx)
C:/Project/MyDesign/Firmware/QNX/BSP_Standard_Platform/bsp-ti-omap-l137-std-platform/src/hardware/startup/lib/arm/a.le\libstartup.a(callout_timer_omapl1xx.o)
                              init_qtime.o (timer_load_omapl1xx)
C:/Project/MyDesign/Firmware/QNX/BSP_Standard_Platform/bsp-ti-omap-l137-std-platform/src/hardware/startup/lib/arm/a.le\libstartup.a(callouts.o)
                              C:/Project/MyDesign/Firmware/QNX/BSP_Standard_Platform/bsp-ti-omap-l137-std-platform/src/hardware/startup/lib/arm/a.le\libstartup.a(add_interrupt.o) (callout_register_data)
C:/Project/MyDesign/Firmware/QNX/BSP_Standard_Platform/bsp-ti-omap-l137-std-platform/src/hardware/startup/lib/arm/a.le\libstartup.a(chip_access.o)
                              hw_rtc_omapl1xx.o (chip_read32)
C:/Project/MyDesign/Firmware/QNX/BSP_Standard_Platform/bsp-ti-omap-l137-std-platform/src/hardware/startup/lib/arm/a.le\libstartup.a(common_options.o)
                              main.o (select_debug)
C:/Project/MyDesign/Firmware/QNX/BSP_Standard_Platform/bsp-ti-omap-l137-std-platform/src/hardware/startup/lib/arm/a.le\libstartup.a(cpu_common_options.o)
                              C:/Project/MyDesign/Firmware/QNX/BSP_Standard_Platform/bsp-ti-omap-l137-std-platform/src/hardware/startup/lib/arm/a.le\libstartup.a(common_options.o) (cpu_handle_common_option)
C:/Project/MyDesign/Firmware/QNX/BSP_Standard_Platform/bsp-ti-omap-l137-std-platform/src/hardware/startup/lib/arm/a.le\libstartup.a(cpu_startup.o)
                              C:/Project/MyDesign/Firmware/QNX/BSP_Standard_Platform/bsp-ti-omap-l137-std-platform/src/hardware/startup/lib/arm/a.le\libstartup.a(_main.o) (cpu_startup)
C:/Project/MyDesign/Firmware/QNX/BSP_Standard_Platform/bsp-ti-omap-l137-std-platform/src/hardware/startup/lib/arm/a.le\libstartup.a(cstart.o)
                              C:/Project/MyDesign/Firmware/QNX/BSP_Standard_Platform/bsp-ti-omap-l137-std-platform/src/hardware/startup/lib/arm/a.le\libstartup.a(_main.o) (boot_args)
C:/Project/MyDesign/Firmware/QNX/BSP_Standard_Platform/bsp-ti-omap-l137-std-platform/src/hardware/startup/lib/arm/a.le\libstartup.a(debug.o)
                              main.o (print_syspage)
C:/Project/MyDesign/Firmware/QNX/BSP_Standard_Platform/bsp-ti-omap-l137-std-platform/src/hardware/startup/lib/arm/a.le\libstartup.a(getopt.o)
                              main.o (getopt)
[...]
Memory Configuration

Name             Origin             Length             Attributes
*default*        0x00000000         0xffffffff

Linker script and memory map

LOAD hw_rtc_omapl1xx.o
LOAD init_asinfo.o
LOAD init_gpio.o
LOAD init_hwinfo.o
LOAD init_intrinfo.o
LOAD init_qtime.o
LOAD init_raminfo.o
LOAD main.o
LOAD rtc_time.o
LOAD C:/Project/MyDesign/Firmware/QNX/BSP_Standard_Platform/bsp-ti-omap-l137-std-platform/src/hardware/startup/lib/arm/a.le\libstartup.a
LOAD C:/QNX650/target/qnx6/armle/usr/lib\liblzo.a
LOAD C:/QNX650/target/qnx6/armle/usr/lib\libucl.a
LOAD C:/Project/MyDesign/Firmware/QNX/BSP_Standard_Platform/bsp-ti-omap-l137-std-platform/src/hardware/startup/boards/../../../../install/armle/usr/lib\libdrvr.a
LOAD C:/QNX650/host/win32/x86/usr/lib/gcc/arm-unknown-nto-qnx6.5.0/4.4.2//libgcc.a
LOAD C:/QNX650/target/qnx6/armle/lib\libc.a
LOAD C:/QNX650/target/qnx6/armle/lib\libc.a
LOAD C:/QNX650/host/win32/x86/usr/lib/gcc/arm-unknown-nto-qnx6.5.0/4.4.2//libgcc.a

.interp
 *(.interp)

.note.gnu.build-id
 *(.note.gnu.build-id)

.hash
 *(.hash)

.gnu.hash
 *(.gnu.hash)

.dynsym
 *(.dynsym)

.dynstr
 *(.dynstr)

.gnu.version
 *(.gnu.version)

.gnu.version_d
 *(.gnu.version_d)

.gnu.version_r
 *(.gnu.version_r)

.rel.init
 *(.rel.init)

.rela.init
 *(.rela.init)

.rel.text
 *(.rel.text)

.rela.text
 *(.rela.text)

.rel.fini
 *(.rel.fini)

.rela.fini
 *(.rela.fini)

.rel.rodata
 *(.rel.rodata)

.rela.rodata
 *(.rela.rodata)

.rel.data.rel.ro
 *(.rel.data.rel.ro)

.rela.data.rel.ro
 *(.rela.data.rel.ro)

.rel.data
 *(.rel.data)

.rela.data
 *(.rela.data)

.rel.tdata
 *(.rel.tdata)

.rela.tdata
 *(.rela.tdata)

.rel.tbss
 *(.rel.tbss)

.rela.tbss
 *(.rela.tbss)

.rel.ctors
 *(.rel.ctors)

.rela.ctors
 *(.rela.ctors)

.rel.dtors
 *(.rel.dtors)

.rela.dtors
 *(.rela.dtors)

.rel.got
 *(.rel.got)

.rela.got
 *(.rela.got)

.rel.bss
 *(.rel.bss)

.rela.bss
 *(.rela.bss)

.rel.plt
 *(.rel.plt)

.rela.plt
 *(.rela.plt)

.init
 *(.init)

.plt
 *(.plt)

.text           0x00000000     0xcf3c
 *(.text .stub)
 .text          0x00000000       0xf4 hw_rtc_omapl1xx.o
                0x00000000                rtc_time_omapl1xx
 .text          0x000000f4        0x4 init_asinfo.o
                0x000000f4                init_asinfo
 .text          0x000000f8       0x70 init_gpio.o
                0x000000f8                init_gpio
 .text          0x00000168      0x5e0 init_hwinfo.o
                0x000004f8                init_mux_pins
                0x00000310                omapl137_psc_init
                0x00000390                omapl137_cpu_clock
                0x00000168                omapl137_i2c_write
                0x000002ac                omapl137_psc_enable
                0x0000046c                allocate_dsp_memory
                0x0000040c                allocate_dsplink_memory
                0x000006c4                init_hwinfo
                0x000001d4                omapl137_i2c_read
 .text          0x00000748      0x11c init_intrinfo.o
                0x00000748                init_intrinfo
 .text          0x00000864      0x18c init_qtime.o
                0x00000890                init_qtime
 .text          0x000009f0        0xc init_raminfo.o
                0x000009f0                init_raminfo
 .text          0x000009fc      0x1dc main.o
                0x000009fc                main
 .text          0x00000bd8        0xc rtc_time.o
                0x00000bd8                rtc_time
 .text          0x00000be4      0x168 C:/Project/MyDesign/Firmware/QNX/BSP_Standard_Platform/bsp-ti-omap-l137-std-platform/src/hardware/startup/lib/arm/a.le\libstartup.a(_main.o)
                0x00000bf4                __stackavail
                0x00000be8                __get_errno_ptr
                0x00000bfc                _main
 .text          0x00000d4c      0x1ac C:/Project/MyDesign/Firmware/QNX/BSP_Standard_Platform/bsp-ti-omap-l137-std-platform/src/hardware/startup/lib/arm/a.le\libstartup.a(add_interrupt.o)
                0x00000d4c                add_interrupt
                0x00000e24                add_interrupt_array
 .text          0x00000ef8       0x74 C:/Project/MyDesign/Firmware/QNX/BSP_Standard_Platform/bsp-ti-omap-l137-std-platform/src/hardware/startup/lib/arm/a.le\libstartup.a(alloc_qtime.o)
                0x00000ef8                alloc_qtime
 .text          0x00000f6c       0x48 C:/Project/MyDesign/Firmware/QNX/BSP_Standard_Platform/bsp-ti-omap-l137-std-platform/src/hardware/startup/lib/arm/a.le\libstartup.a(bcd2bin.o)
                0x00000f6c                bcd2bin
 .text          0x00000fb4        0x4 C:/Project/MyDesign/Firmware/QNX/BSP_Standard_Platform/bsp-ti-omap-l137-std-platform/src/hardware/startup/lib/arm/a.le\libstartup.a(board_init.o)
                0x00000fb4                board_init
 .text          0x00000fb8       0xe4 C:/Project/MyDesign/Firmware/QNX/BSP_Standard_Platform/bsp-ti-omap-l137-std-platform/src/hardware/startup/lib/arm/a.le\libstartup.a(calc_time_t.o)
                0x00000fb8                calc_time_t
 .text          0x0000109c      0x14c C:/Project/MyDesign/Firmware/QNX/BSP_Standard_Platform/bsp-ti-omap-l137-std-platform/src/hardware/startup/lib/arm/a.le\libstartup.a(callout_debug_8250.o)
                0x00001118                display_char_8250
                0x0000115c                poll_key_8250
                0x000011a0                break_detect_8250
 .text          0x000011e8      0x1b4 C:/Project/MyDesign/Firmware/QNX/BSP_Standard_Platform/bsp-ti-omap-l137-std-platform/src/hardware/startup/lib/arm/a.le\libstartup.a(callout_interrupt_dm6446_edma.o)
                0x000012fc                interrupt_mask_dma_ints
                0x000012a4                interrupt_eoi_dma_ints
                0x00001228                interrupt_id_dma_ints
                0x0000134c                interrupt_unmask_dma_ints
 .text          0x0000139c      0x100 C:/Project/MyDesign/Firmware/QNX/BSP_Standard_Platform/bsp-ti-omap-l137-std-platform/src/hardware/startup/lib/arm/a.le\libstartup.a(callout_interrupt_omapl1xx.o)
                0x00001420                interrupt_eoi_omapl1xx
                0x00001448                interrupt_mask_omapl1xx
                0x00001474                interrupt_unmask_omapl1xx
                0x000013dc                interrupt_id_omapl1xx
 .text          0x0000149c      0x22c C:/Project/MyDesign/Firmware/QNX/BSP_Standard_Platform/bsp-ti-omap-l137-std-platform/src/hardware/startup/lib/arm/a.le\libstartup.a(callout_interrupt_omapl1xx_gpio.o)
                0x00001560                interrupt_id_omapl1xx_gpio
                0x00001624                interrupt_mask_omapl1xx_gpio
                0x000015d8                interrupt_eoi_omapl1xx_gpio
                0x0000167c                interrupt_unmask_omapl1xx_gpio
 .text          0x000016c8       0xec C:/Project/MyDesign/Firmware/QNX/BSP_Standard_Platform/bsp-ti-omap-l137-std-platform/src/hardware/startup/lib/arm/a.le\libstartup.a(callout_reboot_omapl1xx.o)
                0x00001708                reboot_omapl1xx
 .text          0x000017b4       0xb8 C:/Project/MyDesign/Firmware/QNX/BSP_Standard_Platform/bsp-ti-omap-l137-std-platform/src/hardware/startup/lib/arm/a.le\libstartup.a(callout_timer_omapl1xx.o)
                0x0000184c                timer_reload_omapl1xx
                0x000017f4                timer_load_omapl1xx
                0x00001828                timer_value_omapl1xx
 .text          0x0000186c      0x490 C:/Project/MyDesign/Firmware/QNX/BSP_Standard_Platform/bsp-ti-omap-l137-std-platform/src/hardware/startup/lib/arm/a.le\libstartup.a(callouts.o)
                0x0000186c                output_callouts
                0x000018d0                callout_reloc_data
                0x00001a94                add_callout_array
                0x00001a20                add_callout
                0x00001994                callout_register_data
                0x00001acc                callout_output_one
 .text          0x00001cfc      0x178 C:/Project/MyDesign/Firmware/QNX/BSP_Standard_Platform/bsp-ti-omap-l137-std-platform/src/hardware/startup/lib/arm/a.le\libstartup.a(chip_access.o)
                0x00001e20                chip_access
                0x00001d2c                chip_write8
                0x00001de0                chip_write32
                0x00001db4                chip_read32
                0x00001cfc                chip_read8
                0x00001d58                chip_read16
                0x00001d84                chip_write16
                0x00001dfc                chip_done
 .text          0x00001e74      0x6d8 C:/Project/MyDesign/Firmware/QNX/BSP_Standard_Platform/bsp-ti-omap-l137-std-platform/src/hardware/startup/lib/arm/a.le\libstartup.a(common_options.o)
                0x00001e74                set_debug
                0x00002060                select_debug
                0x000021ec                handle_common_option
 .text          0x0000254c       0x2c C:/Project/MyDesign/Firmware/QNX/BSP_Standard_Platform/bsp-ti-omap-l137-std-platform/src/hardware/startup/lib/arm/a.le\libstartup.a(cpu_common_options.o)
                0x0000254c                cpu_handle_common_option
 .text          0x00002578       0x34 C:/Project/MyDesign/Firmware/QNX/BSP_Standard_Platform/bsp-ti-omap-l137-std-platform/src/hardware/startup/lib/arm/a.le\libstartup.a(cpu_startup.o)
                0x00002578                cpu_startup
 *fill*         0x000025ac       0x14 00000000
 .text          0x000025c0       0xc0 C:/Project/MyDesign/Firmware/QNX/BSP_Standard_Platform/bsp-ti-omap-l137-std-platform/src/hardware/startup/lib/arm/a.le\libstartup.a(cstart.o)
                0x00002600                vstart
                0x000025c0                _start
 .text          0x00002680      0x93c C:/Project/MyDesign/Firmware/QNX/BSP_Standard_Platform/bsp-ti-omap-l137-std-platform/src/hardware/startup/lib/arm/a.le\libstartup.a(debug.o)
                0x00002974                print_qtime
                0x00002e94                print_strings
                0x00002a5c                print_meminfo
                0x00002f58                print_typed_strings
                0x000029cc                print_asinfo
                0x00002734                print_intrinfo
                0x00002714                print_smp
                0x00002db0                print_hwinfo
                0x00002800                print_callout
                0x000026f8                print_pminfo
                0x00002b9c                print_syspage
                0x00002680                print_mdriver
                0x0000287c                print_cacheattr
                0x000028f0                print_cpuinfo
                0x00002ae0                print_system_private
 .text          0x00002fbc      0x14c C:/Project/MyDesign/Firmware/QNX/BSP_Standard_Platform/bsp-ti-omap-l137-std-platform/src/hardware/startup/lib/arm/a.le\libstartup.a(getopt.o)
                0x00002fbc                getopt
 .text          0x00003108      0x100 C:/Project/MyDesign/Firmware/QNX/BSP_Standard_Platform/bsp-ti-omap-l137-std-platform/src/hardware/startup/lib/arm/a.le\libstartup.a(getsize.o)
                0x00003108                getsize
 .text          0x00003208      0x2a0 C:/Project/MyDesign/Firmware/QNX/BSP_Standard_Platform/bsp-ti-omap-l137-std-platform/src/hardware/startup/lib/arm/a.le\libstartup.a(hw_ser8250.o)
                0x000033ac                init_8250
                0x00003208                put_8250
 .text          0x000034a8       0xec C:/Project/MyDesign/Firmware/QNX/BSP_Standard_Platform/bsp-ti-omap-l137-std-platform/src/hardware/startup/lib/arm/a.le\libstartup.a(hwi_add_device.o)
                0x000034a8                hwi_add_device
 .text          0x00003594       0x38 C:/Project/MyDesign/Firmware/QNX/BSP_Standard_Platform/bsp-ti-omap-l137-std-platform/src/hardware/startup/lib/arm/a.le\libstartup.a(hwi_add_location.o)
                0x00003594                hwi_add_location
 .text          0x000035cc      0x1d4 C:/Project/MyDesign/Firmware/QNX/BSP_Standard_Platform/bsp-ti-omap-l137-std-platform/src/hardware/startup/lib/arm/a.le\libstartup.a(hwi_alloc.o)
                0x0000364c                hwi_alloc_tag
                0x000035f0                hwi_grow_tag
                0x000036f0                hwi_alloc_item
                0x000035cc                __hwi_find_string
                0x000035e0                __hwi_base
 .text          0x000037a0       0x2c C:/Project/MyDesign/Firmware/QNX/BSP_Standard_Platform/bsp-ti-omap-l137-std-platform/src/hardware/startup/lib/arm/a.le\libstartup.a(hwi_find_as.o)
                0x000037a0                hwi_find_as
 .text          0x000037cc      0xe30 C:/Project/MyDesign/Firmware/QNX/BSP_Standard_Platform/bsp-ti-omap-l137-std-platform/src/hardware/startup/lib/arm/a.le\libstartup.a(hwi_omapl137.o)
                0x000037cc                hwi_omapl137
 .text          0x000045fc       0xac C:/Project/MyDesign/Firmware/QNX/BSP_Standard_Platform/bsp-ti-omap-l137-std-platform/src/hardware/startup/lib/arm/a.le\libstartup.a(hwibus_add_i2c.o)
                0x000045fc                hwibus_add_i2c
 .text          0x000046a8       0xac C:/Project/MyDesign/Firmware/QNX/BSP_Standard_Platform/bsp-ti-omap-l137-std-platform/src/hardware/startup/lib/arm/a.le\libstartup.a(hwibus_add_spi.o)
                0x000046a8                hwibus_add_spi
 .text          0x00004754       0x44 C:/Project/MyDesign/Firmware/QNX/BSP_Standard_Platform/bsp-ti-omap-l137-std-platform/src/hardware/startup/lib/arm/a.le\libstartup.a(hwibus_add_usb.o)
                0x00004754                hwibus_add_usb
 .text          0x00004798       0x8c C:/Project/MyDesign/Firmware/QNX/BSP_Standard_Platform/bsp-ti-omap-l137-std-platform/src/hardware/startup/lib/arm/a.le\libstartup.a(hwidev_add.o)
                0x00004798                hwidev_add
 .text          0x00004824       0xec C:/Project/MyDesign/Firmware/QNX/BSP_Standard_Platform/bsp-ti-omap-l137-std-platform/src/hardware/startup/lib/arm/a.le\libstartup.a(hwidev_add_enet.o)
                0x00004824                hwidev_add_enet
 .text          0x00004910       0x64 C:/Project/MyDesign/Firmware/QNX/BSP_Standard_Platform/bsp-ti-omap-l137-std-platform/src/hardware/startup/lib/arm/a.le\libstartup.a(hwidev_add_rtc.o)
                0x00004910                hwidev_add_rtc
 .text          0x00004974       0x78 C:/Project/MyDesign/Firmware/QNX/BSP_Standard_Platform/bsp-ti-omap-l137-std-platform/src/hardware/startup/lib/arm/a.le\libstartup.a(hwidev_add_timer.o)
                0x00004974                hwidev_add_timer
 .text          0x000049ec       0x78 C:/Project/MyDesign/Firmware/QNX/BSP_Standard_Platform/bsp-ti-omap-l137-std-platform/src/hardware/startup/lib/arm/a.le\libstartup.a(hwidev_add_uart.o)
                0x000049ec                hwidev_add_uart
 .text          0x00004a64       0x7c C:/Project/MyDesign/Firmware/QNX/BSP_Standard_Platform/bsp-ti-omap-l137-std-platform/src/hardware/startup/lib/arm/a.le\libstartup.a(hwitag_add_busattr.o)
                0x00004a64                hwitag_add_busattr
 .text          0x00004ae0       0xdc C:/Project/MyDesign/Firmware/QNX/BSP_Standard_Platform/bsp-ti-omap-l137-std-platform/src/hardware/startup/lib/arm/a.le\libstartup.a(hwitag_add_common.o)
                0x00004ae0                hwitag_add_common
 .text          0x00004bbc       0x30 C:/Project/MyDesign/Firmware/QNX/BSP_Standard_Platform/bsp-ti-omap-l137-std-platform/src/hardware/startup/lib/arm/a.le\libstartup.a(hwitag_add_inputclk.o)
                0x00004bbc                hwitag_add_inputclk
 .text          0x00004bec       0x2c C:/Project/MyDesign/Firmware/QNX/BSP_Standard_Platform/bsp-ti-omap-l137-std-platform/src/hardware/startup/lib/arm/a.le\libstartup.a(hwitag_add_irq.o)
                0x00004bec                hwitag_add_irq
 .text          0x00004c18       0x4c C:/Project/MyDesign/Firmware/QNX/BSP_Standard_Platform/bsp-ti-omap-l137-std-platform/src/hardware/startup/lib/arm/a.le\libstartup.a(hwitag_add_location.o)
                0x00004c18                hwitag_add_location
 .text          0x00004c64       0x44 C:/Project/MyDesign/Firmware/QNX/BSP_Standard_Platform/bsp-ti-omap-l137-std-platform/src/hardware/startup/lib/arm/a.le\libstartup.a(hwitag_add_nicaddr.o)
                0x00004c64                hwitag_add_nicaddr
 .text          0x00004ca8       0x2c C:/Project/MyDesign/Firmware/QNX/BSP_Standard_Platform/bsp-ti-omap-l137-std-platform/src/hardware/startup/lib/arm/a.le\libstartup.a(hwitag_add_nicphyaddr.o)
                0x00004ca8                hwitag_add_nicphyaddr
 .text          0x00004cd4       0x3c C:/Project/MyDesign/Firmware/QNX/BSP_Standard_Platform/bsp-ti-omap-l137-std-platform/src/hardware/startup/lib/arm/a.le\libstartup.a(hwitag_add_regname.o)
                0x00004cd4                hwitag_add_regname
 .text          0x00004d10       0xc8 C:/Project/MyDesign/Firmware/QNX/BSP_Standard_Platform/bsp-ti-omap-l137-std-platform/src/hardware/startup/lib/arm/a.le\libstartup.a(hwitag_set_avail_ivec.o)
                0x00004d10                hwitag_set_avail_ivec
 .text          0x00004dd8       0x4c C:/Project/MyDesign/Firmware/QNX/BSP_Standard_Platform/bsp-ti-omap-l137-std-platform/src/hardware/startup/lib/arm/a.le\libstartup.a(hwitag_set_inputclk.o)
                0x00004dd8                hwitag_set_inputclk
 .text          0x00004e24       0x40 C:/Project/MyDesign/Firmware/QNX/BSP_Standard_Platform/bsp-ti-omap-l137-std-platform/src/hardware/startup/lib/arm/a.le\libstartup.a(hwitag_set_phyaddr.o)
                0x00004e24                hwitag_set_phyaddr
 .text          0x00004e64        0x4 C:/Project/MyDesign/Firmware/QNX/BSP_Standard_Platform/bsp-ti-omap-l137-std-platform/src/hardware/startup/lib/arm/a.le\libstartup.a(init_cacheattr.o)
                0x00004e64                init_cacheattr
 .text          0x00004e68      0x300 C:/Project/MyDesign/Firmware/QNX/BSP_Standard_Platform/bsp-ti-omap-l137-std-platform/src/hardware/startup/lib/arm/a.le\libstartup.a(init_cpuinfo.o)
                0x000050bc                init_cpuinfo
                0x00004e68                init_one_cpuinfo
 .text          0x00005168      0x210 C:/Project/MyDesign/Firmware/QNX/BSP_Standard_Platform/bsp-ti-omap-l137-std-platform/src/hardware/startup/lib/arm/a.le\libstartup.a(init_mmu.o)
                0x00005168                init_mmu
 .text          0x00005378      0x85c C:/Project/MyDesign/Firmware/QNX/BSP_Standard_Platform/bsp-ti-omap-l137-std-platform/src/hardware/startup/lib/arm/a.le\libstartup.a(init_system_private.o)
                0x000053a4                init_system_private
 .text          0x00005bd4       0xb8 C:/Project/MyDesign/Firmware/QNX/BSP_Standard_Platform/bsp-ti-omap-l137-std-platform/src/hardware/startup/lib/arm/a.le\libstartup.a(jtag.o)
                0x00005bd4                jtag_store_syspage_addr
                0x00005c34                jtag_reserve_memory
                0x00005c1c                jtag_reserve_syspage_addr
 .text          0x00005c8c      0x44c C:/Project/MyDesign/Firmware/QNX/BSP_Standard_Platform/bsp-ti-omap-l137-std-platform/src/hardware/startup/lib/arm/a.le\libstartup.a(kprintf.o)
                0x00006000                get_print_char
                0x00005ff0                set_print_char
                0x00006010                ksprintf
                0x000060a4                crash
                0x00006074                kprintf
 .text          0x000060d8       0xe4 C:/Project/MyDesign/Firmware/QNX/BSP_Standard_Platform/bsp-ti-omap-l137-std-platform/src/hardware/startup/lib/arm/a.le\libstartup.a(load_ifs.o)
                0x000060d8                load_ifs
 .text          0x000061bc       0x10 C:/Project/MyDesign/Firmware/QNX/BSP_Standard_Platform/bsp-ti-omap-l137-std-platform/src/hardware/startup/lib/arm/a.le\libstartup.a(map_callout_io.o)
                0x000061bc                callout_io_map
 .text          0x000061cc        0xc C:/Project/MyDesign/Firmware/QNX/BSP_Standard_Platform/bsp-ti-omap-l137-std-platform/src/hardware/startup/lib/arm/a.le\libstartup.a(map_startup_io.o)
                0x000061cc                startup_io_map
                0x000061d4                startup_io_unmap
 .text          0x000061d8        0xc C:/Project/MyDesign/Firmware/QNX/BSP_Standard_Platform/bsp-ti-omap-l137-std-platform/src/hardware/startup/lib/arm/a.le\libstartup.a(map_startup_mem.o)
                0x000061d8                startup_memory_map
                0x000061e0                startup_memory_unmap
 .text          0x000061e4      0x140 C:/Project/MyDesign/Firmware/QNX/BSP_Standard_Platform/bsp-ti-omap-l137-std-platform/src/hardware/startup/lib/arm/a.le\libstartup.a(memcpy.o)
                0x000061e4                memcpy
 .text          0x00006324       0xcc C:/Project/MyDesign/Firmware/QNX/BSP_Standard_Platform/bsp-ti-omap-l137-std-platform/src/hardware/startup/lib/arm/a.le\libstartup.a(memfuncs.o)
                0x00006324                copy_memory
 .text          0x000063f0       0x60 C:/Project/MyDesign/Firmware/QNX/BSP_Standard_Platform/bsp-ti-omap-l137-std-platform/src/hardware/startup/lib/arm/a.le\libstartup.a(memmove.o)
                0x000063f0                memmove
 .text          0x00006450      0x280 C:/Project/MyDesign/Firmware/QNX/BSP_Standard_Platform/bsp-ti-omap-l137-std-platform/src/hardware/startup/lib/arm/a.le\libstartup.a(omapl1xx_gpio.o)
                0x00006658                omapl1xx_gpio_configure_pin_as_output
                0x00006568                omapl1xx_gpio_set_bit
                0x000064f0                omapl1xx_gpio_reset_bit
                0x000065e0                omapl1xx_gpio_configure_pin_as_input
                0x00006450                omapl1xx_gpio_read_pin
 .text          0x000066d0      0xa3c C:/Project/MyDesign/Firmware/QNX/BSP_Standard_Platform/bsp-ti-omap-l137-std-platform/src/hardware/startup/lib/arm/a.le\libstartup.a(ram.o)
                0x00006b10                watch_add_ram
                0x00006b70                add_sysram
                0x00006aa8                avoid_ram
                0x000066d0                find_top_ram_aligned
                0x000070b8                calloc_ram
                0x00006f9c                add_ram
                0x00006d44                alloc_ram
                0x0000681c                find_top_ram
                0x00006824                find_ram
                0x00006974                ws_alloc
 .text          0x0000710c      0xa94 C:/Project/MyDesign/Firmware/QNX/BSP_Standard_Platform/bsp-ti-omap-l137-std-platform/src/hardware/startup/lib/arm/a.le\libstartup.a(restore_ifs.o)
                0x000072a4                rifs_restore_ifs2
                0x00007404                rifs_save_elf32data
                0x00007b20                load_ifs2_nonbootable
                0x000075dc                rifs_restore_ifs
                0x000079e0                rifs_load_ifs2
                0x000071a8                rifs_set_cksum
 .text          0x00007ba0       0x90 C:/Project/MyDesign/Firmware/QNX/BSP_Standard_Platform/bsp-ti-omap-l137-std-platform/src/hardware/startup/lib/arm/a.le\libstartup.a(startnext.o)
                0x00007ba0                startnext
 .text          0x00007c30       0x64 C:/Project/MyDesign/Firmware/QNX/BSP_Standard_Platform/bsp-ti-omap-l137-std-platform/src/hardware/startup/lib/arm/a.le\libstartup.a(startup_info.o)
                0x00007c30                find_startup_info
 .text          0x00007c94      0x26c C:/Project/MyDesign/Firmware/QNX/BSP_Standard_Platform/bsp-ti-omap-l137-std-platform/src/hardware/startup/lib/arm/a.le\libstartup.a(strings.o)
                0x00007d10                del_typed_string
                0x00007c94                find_typed_string
                0x00007e84                add_typed_string
                0x00007dc0                add_string
 .text          0x00007f00      0x108 C:/Project/MyDesign/Firmware/QNX/BSP_Standard_Platform/bsp-ti-omap-l137-std-platform/src/hardware/startup/lib/arm/a.le\libstartup.a(strtoul.o)
                0x00008004                strtoul
                0x00007f00                strtopaddr
 .text          0x00008008      0x4f0 C:/Project/MyDesign/Firmware/QNX/BSP_Standard_Platform/bsp-ti-omap-l137-std-platform/src/hardware/startup/lib/arm/a.le\libstartup.a(syspage_memory.o)
                0x0000805c                alloc_syspage_memory
                0x000082f8                grow_syspage_section
                0x00008290                reloc_syspage_memory
                0x00008428                init_syspage_memory
                0x00008008                write_syspage_memory
                0x000083f4                set_syspage_section
 .text          0x000084f8        0x4 C:/Project/MyDesign/Firmware/QNX/BSP_Standard_Platform/bsp-ti-omap-l137-std-platform/src/hardware/startup/lib/arm/a.le\libstartup.a(tweak_cmdline.o)
                0x000084f8                tweak_cmdline
 .text          0x000084fc       0x70 C:/Project/MyDesign/Firmware/QNX/BSP_Standard_Platform/bsp-ti-omap-l137-std-platform/src/hardware/startup/lib/arm/a.le\libstartup.a(uncompress.o)
                0x000084fc                uncompress
 .text          0x0000856c       0xac C:/Project/MyDesign/Firmware/QNX/BSP_Standard_Platform/bsp-ti-omap-l137-std-platform/src/hardware/startup/lib/arm/a.le\libstartup.a(uncompress_ucl.o)
                0x0000856c                uncompress_ucl
 .text          0x00008618      0x508 C:/Project/MyDesign/Firmware/QNX/BSP_Standard_Platform/bsp-ti-omap-l137-std-platform/src/hardware/startup/lib/arm/a.le\libstartup.a(arm_cache.o)
                0x00008830                arm_add_cache
                0x00008618                arm_v7_add_cache
 .text          0x00008b20      0x118 C:/Project/MyDesign/Firmware/QNX/BSP_Standard_Platform/bsp-ti-omap-l137-std-platform/src/hardware/startup/lib/arm/a.le\libstartup.a(arm_cpuspeed.o)
                0x00008b20                arm_cpuspeed
 .text          0x00008c38      0x654 C:/Project/MyDesign/Firmware/QNX/BSP_Standard_Platform/bsp-ti-omap-l137-std-platform/src/hardware/startup/lib/arm/a.le\libstartup.a(arm_map.o)
                0x00008ffc                arm_map
                0x00008ec4                arm_map_cpu
                0x00008e54                elf_vaddr_to_paddr
                0x00008cbc                map_ptbl
                0x00008d14                arm_pdmap
                0x00008d74                arm_scmap
                0x00008dfc                arm_scunmap
 .text          0x0000928c       0xd4 C:/Project/MyDesign/Firmware/QNX/BSP_Standard_Platform/bsp-ti-omap-l137-std-platform/src/hardware/startup/lib/arm/a.le\libstartup.a(arm_pte.o)
                0x0000928c                arm_pte_setup
 .text          0x00009360       0x54 C:/Project/MyDesign/Firmware/QNX/BSP_Standard_Platform/bsp-ti-omap-l137-std-platform/src/hardware/startup/lib/arm/a.le\libstartup.a(armv_chip_detect.o)
                0x00009360                armv_chip_detect
 .text          0x000093b4        0x0 C:/Project/MyDesign/Firmware/QNX/BSP_Standard_Platform/bsp-ti-omap-l137-std-platform/src/hardware/startup/lib/arm/a.le\libstartup.a(armv_list.o)
 .text          0x000093b4       0x3c C:/Project/MyDesign/Firmware/QNX/BSP_Standard_Platform/bsp-ti-omap-l137-std-platform/src/hardware/startup/lib/arm/a.le\libstartup.a(as_add.o)
                0x000093b4                as_add
 .text          0x000093f0       0xd8 C:/Project/MyDesign/Firmware/QNX/BSP_Standard_Platform/bsp-ti-omap-l137-std-platform/src/hardware/startup/lib/arm/a.le\libstartup.a(as_add64.o)
                0x000093f0                as_add64
 .text          0x000094c8      0x32c C:/Project/MyDesign/Firmware/QNX/BSP_Standard_Platform/bsp-ti-omap-l137-std-platform/src/hardware/startup/lib/arm/a.le\libstartup.a(as_add_containing.o)
                0x000094c8                as_add_containing
 .text          0x000097f4       0x38 C:/Project/MyDesign/Firmware/QNX/BSP_Standard_Platform/bsp-ti-omap-l137-std-platform/src/hardware/startup/lib/arm/a.le\libstartup.a(as_default.o)
                0x000097f4                as_default
 .text          0x0000982c      0x140 C:/Project/MyDesign/Firmware/QNX/BSP_Standard_Platform/bsp-ti-omap-l137-std-platform/src/hardware/startup/lib/arm/a.le\libstartup.a(as_find.o)
                0x0000982c                as_find
 .text          0x0000996c      0x150 C:/Project/MyDesign/Firmware/QNX/BSP_Standard_Platform/bsp-ti-omap-l137-std-platform/src/hardware/startup/lib/arm/a.le\libstartup.a(as_find_containing.o)
                0x0000996c                as_find_containing
 .text          0x00009abc       0x14 C:/Project/MyDesign/Firmware/QNX/BSP_Standard_Platform/bsp-ti-omap-l137-std-platform/src/hardware/startup/lib/arm/a.le\libstartup.a(as_off2info.o)
                0x00009abc                as_off2info
 .text          0x00009ad0       0xbc C:/Project/MyDesign/Firmware/QNX/BSP_Standard_Platform/bsp-ti-omap-l137-std-platform/src/hardware/startup/lib/arm/a.le\libstartup.a(cpu_debug.o)
                0x00009ad0                print_arm_cpu
                0x00009b70                print_arm_boxinfo
 .text          0x00009b8c       0x8c C:/Project/MyDesign/Firmware/QNX/BSP_Standard_Platform/bsp-ti-omap-l137-std-platform/src/hardware/startup/lib/arm/a.le\libstartup.a(cpu_startnext.o)
                0x00009b8c                cpu_startnext
 .text          0x00009c18      0x1dc C:/Project/MyDesign/Firmware/QNX/BSP_Standard_Platform/bsp-ti-omap-l137-std-platform/src/hardware/startup/lib/arm/a.le\libstartup.a(cpu_syspage_memory.o)
                0x00009c1c                cpu_alloc_syspage_memory
                0x00009c18                cpu_write_syspage_memory
                0x00009de4                cpu_init_syspage_memory
 .text          0x00009df4        0x4 C:/Project/MyDesign/Firmware/QNX/BSP_Standard_Platform/bsp-ti-omap-l137-std-platform/src/hardware/startup/lib/arm/a.le\libstartup.a(crash_done.o)
                0x00009df4                crash_done
 .text          0x00009df8        0x4 C:/Project/MyDesign/Firmware/QNX/BSP_Standard_Platform/bsp-ti-omap-l137-std-platform/src/hardware/startup/lib/arm/a.le\libstartup.a(dummy_print_char.o)
                0x00009df8                dummy_print_char
 .text          0x00009dfc      0x350 C:/Project/MyDesign/Firmware/QNX/BSP_Standard_Platform/bsp-ti-omap-l137-std-platform/src/hardware/startup/lib/arm/a.le\libstartup.a(elf.o)
                0x00009dfc                is_elf
                0x00009ebc                load_elf32
 .text          0x0000a14c      0x254 C:/Project/MyDesign/Firmware/QNX/BSP_Standard_Platform/bsp-ti-omap-l137-std-platform/src/hardware/startup/lib/arm/a.le\libstartup.a(elf_map.o)
                0x0000a14c                elf_map
 .text          0x0000a3a0       0x14 C:/Project/MyDesign/Firmware/QNX/BSP_Standard_Platform/bsp-ti-omap-l137-std-platform/src/hardware/startup/lib/arm/a.le\libstartup.a(hwi_add_inputclk.o)
                0x0000a3a0                hwi_add_inputclk
 .text          0x0000a3b4       0x10 C:/Project/MyDesign/Firmware/QNX/BSP_Standard_Platform/bsp-ti-omap-l137-std-platform/src/hardware/startup/lib/arm/a.le\libstartup.a(hwi_add_irq.o)
                0x0000a3b4                hwi_add_irq
 .text          0x0000a3c4       0x60 C:/Project/MyDesign/Firmware/QNX/BSP_Standard_Platform/bsp-ti-omap-l137-std-platform/src/hardware/startup/lib/arm/a.le\libstartup.a(hwi_default.o)
                0x0000a3c4                hwi_default
 .text          0x0000a424       0x7c C:/Project/MyDesign/Firmware/QNX/BSP_Standard_Platform/bsp-ti-omap-l137-std-platform/src/hardware/startup/lib/arm/a.le\libstartup.a(hwibus_add.o)
                0x0000a424                hwibus_add
 .text          0x0000a4a0        0x0 C:/Project/MyDesign/Firmware/QNX/BSP_Standard_Platform/bsp-ti-omap-l137-std-platform/src/hardware/startup/lib/arm/a.le\libstartup.a(mdriver_max.o)
 .text          0x0000a4a0       0x28 C:/Project/MyDesign/Firmware/QNX/BSP_Standard_Platform/bsp-ti-omap-l137-std-platform/src/hardware/startup/lib/arm/a.le\libstartup.a(timer_ns2tick.o)
                0x0000a4a0                timer_ns2tick
 .text          0x0000a4c8       0x98 C:/Project/MyDesign/Firmware/QNX/BSP_Standard_Platform/bsp-ti-omap-l137-std-platform/src/hardware/startup/lib/arm/a.le\libstartup.a(timer_tick2ns.o)
                0x0000a4c8                timer_tick2ns
 .text          0x0000a560      0x18c C:/Project/MyDesign/Firmware/QNX/BSP_Standard_Platform/bsp-ti-omap-l137-std-platform/src/hardware/startup/lib/arm/a.le\libstartup.a(add_cache.o)
                0x0000a668                add_cache
                0x0000a560                add_cache_ways
 .text          0x0000a6ec        0x0 C:/Project/MyDesign/Firmware/QNX/BSP_Standard_Platform/bsp-ti-omap-l137-std-platform/src/hardware/startup/lib/arm/a.le\libstartup.a(armv_chip_1020.o)
 .text          0x0000a6ec        0x0 C:/Project/MyDesign/Firmware/QNX/BSP_Standard_Platform/bsp-ti-omap-l137-std-platform/src/hardware/startup/lib/arm/a.le\libstartup.a(armv_chip_1022.o)
 .text          0x0000a6ec        0x0 C:/Project/MyDesign/Firmware/QNX/BSP_Standard_Platform/bsp-ti-omap-l137-std-platform/src/hardware/startup/lib/arm/a.le\libstartup.a(armv_chip_1136.o)
 .text          0x0000a6ec        0x0 C:/Project/MyDesign/Firmware/QNX/BSP_Standard_Platform/bsp-ti-omap-l137-std-platform/src/hardware/startup/lib/arm/a.le\libstartup.a(armv_chip_1176.o)
 .text          0x0000a6ec        0x0 C:/Project/MyDesign/Firmware/QNX/BSP_Standard_Platform/bsp-ti-omap-l137-std-platform/src/hardware/startup/lib/arm/a.le\libstartup.a(armv_chip_1200.o)
 .text          0x0000a6ec        0x0 C:/Project/MyDesign/Firmware/QNX/BSP_Standard_Platform/bsp-ti-omap-l137-std-platform/src/hardware/startup/lib/arm/a.le\libstartup.a(armv_chip_23xx.o)
 .text          0x0000a6ec        0x0 C:/Project/MyDesign/Firmware/QNX/BSP_Standard_Platform/bsp-ti-omap-l137-std-platform/src/hardware/startup/lib/arm/a.le\libstartup.a(armv_chip_2400.o)
 .text          0x0000a6ec        0x0 C:/Project/MyDesign/Firmware/QNX/BSP_Standard_Platform/bsp-ti-omap-l137-std-platform/src/hardware/startup/lib/arm/a.le\libstartup.a(armv_chip_2800.o)
 .text          0x0000a6ec        0x0 C:/Project/MyDesign/Firmware/QNX/BSP_Standard_Platform/bsp-ti-omap-l137-std-platform/src/hardware/startup/lib/arm/a.le\libstartup.a(armv_chip_425.o)
 .text          0x0000a6ec        0x0 C:/Project/MyDesign/Firmware/QNX/BSP_Standard_Platform/bsp-ti-omap-l137-std-platform/src/hardware/startup/lib/arm/a.le\libstartup.a(armv_chip_465.o)
 .text          0x0000a6ec        0x0 C:/Project/MyDesign/Firmware/QNX/BSP_Standard_Platform/bsp-ti-omap-l137-std-platform/src/hardware/startup/lib/arm/a.le\libstartup.a(armv_chip_720.o)
 .text          0x0000a6ec        0x0 C:/Project/MyDesign/Firmware/QNX/BSP_Standard_Platform/bsp-ti-omap-l137-std-platform/src/hardware/startup/lib/arm/a.le\libstartup.a(armv_chip_80200.o)
 .text          0x0000a6ec        0x0 C:/Project/MyDesign/Firmware/QNX/BSP_Standard_Platform/bsp-ti-omap-l137-std-platform/src/hardware/startup/lib/arm/a.le\libstartup.a(armv_chip_920.o)
 .text          0x0000a6ec        0x0 C:/Project/MyDesign/Firmware/QNX/BSP_Standard_Platform/bsp-ti-omap-l137-std-platform/src/hardware/startup/lib/arm/a.le\libstartup.a(armv_chip_922.o)
 .text          0x0000a6ec        0x0 C:/Project/MyDesign/Firmware/QNX/BSP_Standard_Platform/bsp-ti-omap-l137-std-platform/src/hardware/startup/lib/arm/a.le\libstartup.a(armv_chip_925.o)
 .text          0x0000a6ec        0x0 C:/Project/MyDesign/Firmware/QNX/BSP_Standard_Platform/bsp-ti-omap-l137-std-platform/src/hardware/startup/lib/arm/a.le\libstartup.a(armv_chip_926.o)
 .text          0x0000a6ec        0x0 C:/Project/MyDesign/Firmware/QNX/BSP_Standard_Platform/bsp-ti-omap-l137-std-platform/src/hardware/startup/lib/arm/a.le\libstartup.a(armv_chip_a8.o)
 .text          0x0000a6ec        0x0 C:/Project/MyDesign/Firmware/QNX/BSP_Standard_Platform/bsp-ti-omap-l137-std-platform/src/hardware/startup/lib/arm/a.le\libstartup.a(armv_chip_mp11.o)
 .text          0x0000a6ec        0x0 C:/Project/MyDesign/Firmware/QNX/BSP_Standard_Platform/bsp-ti-omap-l137-std-platform/src/hardware/startup/lib/arm/a.le\libstartup.a(armv_chip_pxa210b.o)
 .text          0x0000a6ec        0x0 C:/Project/MyDesign/Firmware/QNX/BSP_Standard_Platform/bsp-ti-omap-l137-std-platform/src/hardware/startup/lib/arm/a.le\libstartup.a(armv_chip_pxa210c.o)
 .text          0x0000a6ec        0x0 C:/Project/MyDesign/Firmware/QNX/BSP_Standard_Platform/bsp-ti-omap-l137-std-platform/src/hardware/startup/lib/arm/a.le\libstartup.a(armv_chip_pxa250a.o)
 .text          0x0000a6ec        0x0 C:/Project/MyDesign/Firmware/QNX/BSP_Standard_Platform/bsp-ti-omap-l137-std-platform/src/hardware/startup/lib/arm/a.le\libstartup.a(armv_chip_pxa250b.o)
 .text          0x0000a6ec        0x0 C:/Project/MyDesign/Firmware/QNX/BSP_Standard_Platform/bsp-ti-omap-l137-std-platform/src/hardware/startup/lib/arm/a.le\libstartup.a(armv_chip_pxa255.o)
 .text          0x0000a6ec        0x0 C:/Project/MyDesign/Firmware/QNX/BSP_Standard_Platform/bsp-ti-omap-l137-std-platform/src/hardware/startup/lib/arm/a.le\libstartup.a(armv_chip_pxa270.o)
 .text          0x0000a6ec        0x0 C:/Project/MyDesign/Firmware/QNX/BSP_Standard_Platform/bsp-ti-omap-l137-std-platform/src/hardware/startup/lib/arm/a.le\libstartup.a(armv_chip_sa1100.o)
 .text          0x0000a6ec        0x0 C:/Project/MyDesign/Firmware/QNX/BSP_Standard_Platform/bsp-ti-omap-l137-std-platform/src/hardware/startup/lib/arm/a.le\libstartup.a(armv_chip_sa1110.o)
 .text          0x0000a6ec        0x0 C:/Project/MyDesign/Firmware/QNX/BSP_Standard_Platform/bsp-ti-omap-l137-std-platform/src/hardware/startup/lib/arm/a.le\libstartup.a(armv_pte_ixp2xxx.o)
 .text          0x0000a6ec        0x0 C:/Project/MyDesign/Firmware/QNX/BSP_Standard_Platform/bsp-ti-omap-l137-std-platform/src/hardware/startup/lib/arm/a.le\libstartup.a(armv_pte_v4wb.o)
 .text          0x0000a6ec        0x0 C:/Project/MyDesign/Firmware/QNX/BSP_Standard_Platform/bsp-ti-omap-l137-std-platform/src/hardware/startup/lib/arm/a.le\libstartup.a(armv_pte_v4wt.o)
 .text          0x0000a6ec        0x0 C:/Project/MyDesign/Firmware/QNX/BSP_Standard_Platform/bsp-ti-omap-l137-std-platform/src/hardware/startup/lib/arm/a.le\libstartup.a(armv_pte_v5wa.o)
 .text          0x0000a6ec        0x0 C:/Project/MyDesign/Firmware/QNX/BSP_Standard_Platform/bsp-ti-omap-l137-std-platform/src/hardware/startup/lib/arm/a.le\libstartup.a(armv_pte_v5wb.o)
 .text          0x0000a6ec        0x0 C:/Project/MyDesign/Firmware/QNX/BSP_Standard_Platform/bsp-ti-omap-l137-std-platform/src/hardware/startup/lib/arm/a.le\libstartup.a(armv_pte_v5wt.o)
 .text          0x0000a6ec        0x0 C:/Project/MyDesign/Firmware/QNX/BSP_Standard_Platform/bsp-ti-omap-l137-std-platform/src/hardware/startup/lib/arm/a.le\libstartup.a(armv_pte_v6mp.o)
 .text          0x0000a6ec        0x0 C:/Project/MyDesign/Firmware/QNX/BSP_Standard_Platform/bsp-ti-omap-l137-std-platform/src/hardware/startup/lib/arm/a.le\libstartup.a(armv_pte_v6wb.o)
 .text          0x0000a6ec        0x0 C:/Project/MyDesign/Firmware/QNX/BSP_Standard_Platform/bsp-ti-omap-l137-std-platform/src/hardware/startup/lib/arm/a.le\libstartup.a(armv_pte_v7wb.o)
 .text          0x0000a6ec        0x0 C:/Project/MyDesign/Firmware/QNX/BSP_Standard_Platform/bsp-ti-omap-l137-std-platform/src/hardware/startup/lib/arm/a.le\libstartup.a(armv_pte_xsc3.o)
 .text          0x0000a6ec       0x38 C:/Project/MyDesign/Firmware/QNX/BSP_Standard_Platform/bsp-ti-omap-l137-std-platform/src/hardware/startup/lib/arm/a.le\libstartup.a(armv_setup_1136.o)
                0x0000a6ec                armv_setup_1136
 .text          0x0000a724        0x8 C:/Project/MyDesign/Firmware/QNX/BSP_Standard_Platform/bsp-ti-omap-l137-std-platform/src/hardware/startup/lib/arm/a.le\libstartup.a(armv_setup_1176.o)
                0x0000a724                armv_setup_1176
 .text          0x0000a72c        0x8 C:/Project/MyDesign/Firmware/QNX/BSP_Standard_Platform/bsp-ti-omap-l137-std-platform/src/hardware/startup/lib/arm/a.le\libstartup.a(armv_setup_a8.o)
                0x0000a72c                armv_setup_a8
 .text          0x0000a734       0xbc C:/Project/MyDesign/Firmware/QNX/BSP_Standard_Platform/bsp-ti-omap-l137-std-platform/src/hardware/startup/lib/arm/a.le\libstartup.a(armv_setup_mp11.o)
                0x0000a734                armv_setup_mp11
 .text          0x0000a7f0       0x94 C:/Project/MyDesign/Firmware/QNX/BSP_Standard_Platform/bsp-ti-omap-l137-std-platform/src/hardware/startup/lib/arm/a.le\libstartup.a(armv_setup_v6.o)
                0x0000a7f0                armv_setup_v6
 .text          0x0000a884       0x94 C:/Project/MyDesign/Firmware/QNX/BSP_Standard_Platform/bsp-ti-omap-l137-std-platform/src/hardware/startup/lib/arm/a.le\libstartup.a(armv_setup_v7.o)
                0x0000a884                armv_setup_v7
 .text          0x0000a918       0x24 C:/Project/MyDesign/Firmware/QNX/BSP_Standard_Platform/bsp-ti-omap-l137-std-platform/src/hardware/startup/lib/arm/a.le\libstartup.a(armv_setup_xscale.o)
                0x0000a918                armv_setup_xscale
 .text          0x0000a93c       0x54 C:/Project/MyDesign/Firmware/QNX/BSP_Standard_Platform/bsp-ti-omap-l137-std-platform/src/hardware/startup/lib/arm/a.le\libstartup.a(callout_page_1020.o)
                0x0000a980                page_flush_deferred_1020
                0x0000a93c                page_flush_1020
 .text          0x0000a990       0x54 C:/Project/MyDesign/Firmware/QNX/BSP_Standard_Platform/bsp-ti-omap-l137-std-platform/src/hardware/startup/lib/arm/a.le\libstartup.a(callout_page_1136.o)
                0x0000a9d0                page_flush_deferred_1136
                0x0000a990                page_flush_1136
 .text          0x0000a9e4       0x38 C:/Project/MyDesign/Firmware/QNX/BSP_Standard_Platform/bsp-ti-omap-l137-std-platform/src/hardware/startup/lib/arm/a.le\libstartup.a(callout_page_720.o)
                0x0000aa04                page_flush_deferred_720
                0x0000a9e4                page_flush_720
 .text          0x0000aa1c       0x54 C:/Project/MyDesign/Firmware/QNX/BSP_Standard_Platform/bsp-ti-omap-l137-std-platform/src/hardware/startup/lib/arm/a.le\libstartup.a(callout_page_920.o)
                0x0000aa1c                page_flush_920
                0x0000aa60                page_flush_deferred_920
 .text          0x0000aa70       0x54 C:/Project/MyDesign/Firmware/QNX/BSP_Standard_Platform/bsp-ti-omap-l137-std-platform/src/hardware/startup/lib/arm/a.le\libstartup.a(callout_page_925.o)
                0x0000aa70                page_flush_925
                0x0000aab4                page_flush_deferred_925
 .text          0x0000aac4       0x58 C:/Project/MyDesign/Firmware/QNX/BSP_Standard_Platform/bsp-ti-omap-l137-std-platform/src/hardware/startup/lib/arm/a.le\libstartup.a(callout_page_a8.o)
                0x0000aac4                page_flush_a8
                0x0000ab0c                page_flush_deferred_a8
 .text          0x0000ab1c       0x54 C:/Project/MyDesign/Firmware/QNX/BSP_Standard_Platform/bsp-ti-omap-l137-std-platform/src/hardware/startup/lib/arm/a.le\libstartup.a(callout_page_mp11.o)
                0x0000ab1c                page_flush_mp11
                0x0000ab60                page_flush_deferred_mp11
 .text          0x0000ab70       0x60 C:/Project/MyDesign/Firmware/QNX/BSP_Standard_Platform/bsp-ti-omap-l137-std-platform/src/hardware/startup/lib/arm/a.le\libstartup.a(callout_page_sa.o)
                0x0000abb0                page_flush_deferred_sa
                0x0000ab70                page_flush_sa
 .text          0x0000abd0       0x64 C:/Project/MyDesign/Firmware/QNX/BSP_Standard_Platform/bsp-ti-omap-l137-std-platform/src/hardware/startup/lib/arm/a.le\libstartup.a(callout_page_xsc3.o)
                0x0000ac24                page_flush_deferred_xsc3
                0x0000abd0                page_flush_xsc3
 .text          0x0000ac34       0x5c C:/Project/MyDesign/Firmware/QNX/BSP_Standard_Platform/bsp-ti-omap-l137-std-platform/src/hardware/startup/lib/arm/a.le\libstartup.a(callout_page_xscale.o)
                0x0000ac34                page_flush_xscale
                0x0000ac80                page_flush_deferred_xscale
 .text          0x0000ac90       0x20 C:/Project/MyDesign/Firmware/QNX/BSP_Standard_Platform/bsp-ti-omap-l137-std-platform/src/hardware/startup/lib/arm/a.le\libstartup.a(callout_power_cp15_wfi.o)
                0x0000ac90                power_cp15_wfi
 .text          0x0000acb0       0xb8 C:/Project/MyDesign/Firmware/QNX/BSP_Standard_Platform/bsp-ti-omap-l137-std-platform/src/hardware/startup/lib/arm/a.le\libstartup.a(callout_power_sa1100.o)
                0x0000ad18                power_sa1100
 .text          0x0000ad68       0x24 C:/Project/MyDesign/Firmware/QNX/BSP_Standard_Platform/bsp-ti-omap-l137-std-platform/src/hardware/startup/lib/arm/a.le\libstartup.a(callout_power_xscale.o)
                0x0000ad68                power_xscale
 .text          0x0000ad8c        0x0 C:/Project/MyDesign/Firmware/QNX/BSP_Standard_Platform/bsp-ti-omap-l137-std-platform/src/hardware/startup/lib/arm/a.le\libstartup.a(armv_cache_1020.o)
 .text          0x0000ad8c        0x0 C:/Project/MyDesign/Firmware/QNX/BSP_Standard_Platform/bsp-ti-omap-l137-std-platform/src/hardware/startup/lib/arm/a.le\libstartup.a(armv_cache_1136.o)
 .text          0x0000ad8c        0x0 C:/Project/MyDesign/Firmware/QNX/BSP_Standard_Platform/bsp-ti-omap-l137-std-platform/src/hardware/startup/lib/arm/a.le\libstartup.a(armv_cache_720.o)
 .text          0x0000ad8c        0x0 C:/Project/MyDesign/Firmware/QNX/BSP_Standard_Platform/bsp-ti-omap-l137-std-platform/src/hardware/startup/lib/arm/a.le\libstartup.a(armv_cache_920.o)
 .text          0x0000ad8c        0x0 C:/Project/MyDesign/Firmware/QNX/BSP_Standard_Platform/bsp-ti-omap-l137-std-platform/src/hardware/startup/lib/arm/a.le\libstartup.a(armv_cache_925.o)
 .text          0x0000ad8c        0x0 C:/Project/MyDesign/Firmware/QNX/BSP_Standard_Platform/bsp-ti-omap-l137-std-platform/src/hardware/startup/lib/arm/a.le\libstartup.a(armv_cache_a8.o)
 .text          0x0000ad8c        0x0 C:/Project/MyDesign/Firmware/QNX/BSP_Standard_Platform/bsp-ti-omap-l137-std-platform/src/hardware/startup/lib/arm/a.le\libstartup.a(armv_cache_mp11.o)
 .text          0x0000ad8c        0x0 C:/Project/MyDesign/Firmware/QNX/BSP_Standard_Platform/bsp-ti-omap-l137-std-platform/src/hardware/startup/lib/arm/a.le\libstartup.a(armv_cache_sa1100.o)
 .text          0x0000ad8c        0x0 C:/Project/MyDesign/Firmware/QNX/BSP_Standard_Platform/bsp-ti-omap-l137-std-platform/src/hardware/startup/lib/arm/a.le\libstartup.a(armv_cache_xsc3.o)
 .text          0x0000ad8c        0x0 C:/Project/MyDesign/Firmware/QNX/BSP_Standard_Platform/bsp-ti-omap-l137-std-platform/src/hardware/startup/lib/arm/a.le\libstartup.a(armv_cache_xscale.o)
 .text          0x0000ad8c       0x9c C:/Project/MyDesign/Firmware/QNX/BSP_Standard_Platform/bsp-ti-omap-l137-std-platform/src/hardware/startup/lib/arm/a.le\libstartup.a(callout_cache_1020.o)
                0x0000ad8c                cache_1020_i
                0x0000adc8                cache_1020_d
 .text          0x0000ae28       0x6c C:/Project/MyDesign/Firmware/QNX/BSP_Standard_Platform/bsp-ti-omap-l137-std-platform/src/hardware/startup/lib/arm/a.le\libstartup.a(callout_cache_1136.o)
                0x0000ae28                cache_1136_i
                0x0000ae40                cache_1136_d
 .text          0x0000ae94       0x20 C:/Project/MyDesign/Firmware/QNX/BSP_Standard_Platform/bsp-ti-omap-l137-std-platform/src/hardware/startup/lib/arm/a.le\libstartup.a(callout_cache_720.o)
                0x0000ae94                cache_720
 .text          0x0000aeb4       0x9c C:/Project/MyDesign/Firmware/QNX/BSP_Standard_Platform/bsp-ti-omap-l137-std-platform/src/hardware/startup/lib/arm/a.le\libstartup.a(callout_cache_920.o)
                0x0000aeb4                cache_920_i
                0x0000aef0                cache_920_d
 .text          0x0000af50       0x9c C:/Project/MyDesign/Firmware/QNX/BSP_Standard_Platform/bsp-ti-omap-l137-std-platform/src/hardware/startup/lib/arm/a.le\libstartup.a(callout_cache_925.o)
                0x0000af50                cache_925_i
                0x0000af8c                cache_925_d
 .text          0x0000afec       0x84 C:/Project/MyDesign/Firmware/QNX/BSP_Standard_Platform/bsp-ti-omap-l137-std-platform/src/hardware/startup/lib/arm/a.le\libstartup.a(callout_cache_a8.o)
                0x0000b01c                cache_a8_d
                0x0000afec                cache_a8_i
 .text          0x0000b070       0x84 C:/Project/MyDesign/Firmware/QNX/BSP_Standard_Platform/bsp-ti-omap-l137-std-platform/src/hardware/startup/lib/arm/a.le\libstartup.a(callout_cache_mp11.o)
                0x0000b070                cache_mp11_i
                0x0000b0a0                cache_mp11_d
 .text          0x0000b0f4       0x7c C:/Project/MyDesign/Firmware/QNX/BSP_Standard_Platform/bsp-ti-omap-l137-std-platform/src/hardware/startup/lib/arm/a.le\libstartup.a(callout_cache_sa.o)
                0x0000b0f4                cache_sa_i
                0x0000b10c                cache_sa_d
 .text          0x0000b170       0xb4 C:/Project/MyDesign/Firmware/QNX/BSP_Standard_Platform/bsp-ti-omap-l137-std-platform/src/hardware/startup/lib/arm/a.le\libstartup.a(callout_cache_xsc3.o)
                0x0000b170                cache_xsc3_i
                0x0000b1b4                cache_xsc3_d
 .text          0x0000b224       0xa4 C:/Project/MyDesign/Firmware/QNX/BSP_Standard_Platform/bsp-ti-omap-l137-std-platform/src/hardware/startup/lib/arm/a.le\libstartup.a(callout_cache_xscale.o)
                0x0000b264                cache_xscale_d
                0x0000b224                cache_xscale_i
 .text          0x0000b2c8      0x84c C:/QNX650/target/qnx6/armle/usr/lib\libucl.a(n2b_d.o)
                0x0000b4f0                ucl_nrv2b_decompress_le16
                0x0000b7c4                ucl_nrv2b_decompress_le32
                0x0000b2c8                ucl_nrv2b_decompress_8
 .text          0x0000bb14       0x50 C:/Project/MyDesign/Firmware/QNX/BSP_Standard_Platform/bsp-ti-omap-l137-std-platform/src/hardware/startup/boards/../../../../install/armle/usr/lib\libdrvr.a(hwi_find_bus.o)
                0x0000bb14                hwi_find_bus
 .text          0x0000bb64       0x50 C:/Project/MyDesign/Firmware/QNX/BSP_Standard_Platform/bsp-ti-omap-l137-std-platform/src/hardware/startup/boards/../../../../install/armle/usr/lib\libdrvr.a(hwi_find_device.o)
                0x0000bb64                hwi_find_device
 .text          0x0000bbb4       0xf4 C:/Project/MyDesign/Firmware/QNX/BSP_Standard_Platform/bsp-ti-omap-l137-std-platform/src/hardware/startup/boards/../../../../install/armle/usr/lib\libdrvr.a(hwi_find_unit.o)
                0x0000bbb4                hwi_find_unit
 .text          0x0000bca8       0xac C:/Project/MyDesign/Firmware/QNX/BSP_Standard_Platform/bsp-ti-omap-l137-std-platform/src/hardware/startup/boards/../../../../install/armle/usr/lib\libdrvr.a(hwi_tag_find.o)
                0x0000bca8                hwi_tag_find
 .text          0x0000bd54       0x38 C:/Project/MyDesign/Firmware/QNX/BSP_Standard_Platform/bsp-ti-omap-l137-std-platform/src/hardware/startup/boards/../../../../install/armle/usr/lib\libdrvr.a(hwitag_find_clkfreq.o)
                0x0000bd54                hwitag_find_clkfreq
 .text          0x0000bd8c       0x2c C:/Project/MyDesign/Firmware/QNX/BSP_Standard_Platform/bsp-ti-omap-l137-std-platform/src/hardware/startup/boards/../../../../install/armle/usr/lib\libdrvr.a(hwitag_find_ivec.o)
                0x0000bd8c                hwitag_find_ivec
 .text          0x0000bdb8       0xe4 C:/Project/MyDesign/Firmware/QNX/BSP_Standard_Platform/bsp-ti-omap-l137-std-platform/src/hardware/startup/boards/../../../../install/armle/usr/lib\libdrvr.a(hwi_find.o)
                0x0000bdb8                hwi_find
 .text          0x0000be9c      0x110 C:/QNX650/host/win32/x86/usr/lib/gcc/arm-unknown-nto-qnx6.5.0/4.4.2//libgcc.a(_udivsi3.o)
                0x0000be9c                __udivsi3
                0x0000be9c                __aeabi_uidiv
                0x0000bf94                __aeabi_uidivmod
 .text          0x0000bfac      0x140 C:/QNX650/host/win32/x86/usr/lib/gcc/arm-unknown-nto-qnx6.5.0/4.4.2//libgcc.a(_divsi3.o)
                0x0000bfac                __aeabi_idiv
                0x0000bfac                __divsi3
                0x0000c0d4                __aeabi_idivmod
 .text          0x0000c0ec        0xc C:/QNX650/host/win32/x86/usr/lib/gcc/arm-unknown-nto-qnx6.5.0/4.4.2//libgcc.a(_dvmd_nto.o)
                0x0000c0ec                __div0
 .text          0x0000c0f8      0x50c C:/QNX650/host/win32/x86/usr/lib/gcc/arm-unknown-nto-qnx6.5.0/4.4.2//libgcc.a(_udivdi3.o)
                0x0000c0f8                __udivdi3
 .text          0x0000c604      0x500 C:/QNX650/host/win32/x86/usr/lib/gcc/arm-unknown-nto-qnx6.5.0/4.4.2//libgcc.a(_umoddi3.o)
                0x0000c604                __umoddi3
 .text          0x0000cb04       0xcc C:/QNX650/host/win32/x86/usr/lib/gcc/arm-unknown-nto-qnx6.5.0/4.4.2//libgcc.a(_umodsi3.o)
                0x0000cb04                __umodsi3
 .text          0x0000cbd0        0x0 C:/QNX650/host/win32/x86/usr/lib/gcc/arm-unknown-nto-qnx6.5.0/4.4.2//libgcc.a(_clz.o)
 .text          0x0000cbd0      0x120 C:/QNX650/target/qnx6/armle/lib\libc.a(hwi_find_item.o)
                0x0000cbd0                hwi_find_item
 .text          0x0000ccf0       0x6c C:/QNX650/target/qnx6/armle/lib\libc.a(hwi_next_tag.o)
                0x0000ccf0                hwi_next_tag
 .text          0x0000cd5c       0x1c C:/QNX650/target/qnx6/armle/lib\libc.a(hwi_off2tag.o)
                0x0000cd5c                hwi_off2tag
 .text          0x0000cd78       0x1c C:/QNX650/target/qnx6/armle/lib\libc.a(hwi_tag2off.o)
                0x0000cd78                hwi_tag2off
 .text          0x0000cd94       0x4c C:/QNX650/target/qnx6/armle/lib\libc.a(memcmp.o)
                0x0000cd94                memcmp
 .text          0x0000cde0       0x90 C:/QNX650/target/qnx6/armle/lib\libc.a(memset.o)
                0x0000cde0                memset
 .text          0x0000ce70       0x3c C:/QNX650/target/qnx6/armle/lib\libc.a(strchr.o)
                0x0000ce70                strchr
 .text          0x0000ceac       0x4c C:/QNX650/target/qnx6/armle/lib\libc.a(strcmp.o)
                0x0000ceac                strcmp
 .text          0x0000cef8       0x1c C:/QNX650/target/qnx6/armle/lib\libc.a(strcpy.o)
                0x0000cef8                strcpy
 .text          0x0000cf14       0x28 C:/QNX650/target/qnx6/armle/lib\libc.a(strlen.o)
                0x0000cf14                strlen
 *(.gnu.warning)

.fini
 *(.fini)

.rodata         0x00000000      0x9b0
 *(.rodata)
 .rodata        0x00000000       0x9c init_intrinfo.o
 .rodata        0x0000009c       0x18 init_qtime.o
 .rodata        0x000000b4       0x28 main.o
                0x000000b4                callouts
                0x000000bc                debug_devices
 .rodata        0x000000dc        0x8 C:/Project/MyDesign/Firmware/QNX/BSP_Standard_Platform/bsp-ti-omap-l137-std-platform/src/hardware/startup/lib/arm/a.le\libstartup.a(add_interrupt.o)
 .rodata        0x000000e4       0x30 C:/Project/MyDesign/Firmware/QNX/BSP_Standard_Platform/bsp-ti-omap-l137-std-platform/src/hardware/startup/lib/arm/a.le\libstartup.a(calc_time_t.o)
 .rodata        0x00000114        0x8 C:/Project/MyDesign/Firmware/QNX/BSP_Standard_Platform/bsp-ti-omap-l137-std-platform/src/hardware/startup/lib/arm/a.le\libstartup.a(init_system_private.o)
 .rodata        0x0000011c       0x14 C:/Project/MyDesign/Firmware/QNX/BSP_Standard_Platform/bsp-ti-omap-l137-std-platform/src/hardware/startup/lib/arm/a.le\libstartup.a(kprintf.o)
 .rodata        0x00000130       0x14 C:/Project/MyDesign/Firmware/QNX/BSP_Standard_Platform/bsp-ti-omap-l137-std-platform/src/hardware/startup/lib/arm/a.le\libstartup.a(restore_ifs.o)
 .rodata        0x00000144        0x8 C:/Project/MyDesign/Firmware/QNX/BSP_Standard_Platform/bsp-ti-omap-l137-std-platform/src/hardware/startup/lib/arm/a.le\libstartup.a(as_find.o)
 .rodata        0x0000014c       0x38 C:/Project/MyDesign/Firmware/QNX/BSP_Standard_Platform/bsp-ti-omap-l137-std-platform/src/hardware/startup/lib/arm/a.le\libstartup.a(armv_chip_1020.o)
                0x0000014c                armv_chip_1020
 .rodata        0x00000184       0x38 C:/Project/MyDesign/Firmware/QNX/BSP_Standard_Platform/bsp-ti-omap-l137-std-platform/src/hardware/startup/lib/arm/a.le\libstartup.a(armv_chip_1022.o)
                0x00000184                armv_chip_1022
 .rodata        0x000001bc       0x38 C:/Project/MyDesign/Firmware/QNX/BSP_Standard_Platform/bsp-ti-omap-l137-std-platform/src/hardware/startup/lib/arm/a.le\libstartup.a(armv_chip_1136.o)
                0x000001bc                armv_chip_1136
 .rodata        0x000001f4       0x38 C:/Project/MyDesign/Firmware/QNX/BSP_Standard_Platform/bsp-ti-omap-l137-std-platform/src/hardware/startup/lib/arm/a.le\libstartup.a(armv_chip_1176.o)
                0x000001f4                armv_chip_1176
 .rodata        0x0000022c       0x38 C:/Project/MyDesign/Firmware/QNX/BSP_Standard_Platform/bsp-ti-omap-l137-std-platform/src/hardware/startup/lib/arm/a.le\libstartup.a(armv_chip_1200.o)
                0x0000022c                armv_chip_ixp1200
 .rodata        0x00000264       0x38 C:/Project/MyDesign/Firmware/QNX/BSP_Standard_Platform/bsp-ti-omap-l137-std-platform/src/hardware/startup/lib/arm/a.le\libstartup.a(armv_chip_23xx.o)
                0x00000264                armv_chip_ixp23xx
 .rodata        0x0000029c       0x38 C:/Project/MyDesign/Firmware/QNX/BSP_Standard_Platform/bsp-ti-omap-l137-std-platform/src/hardware/startup/lib/arm/a.le\libstartup.a(armv_chip_2400.o)
                0x0000029c                armv_chip_ixp2400
 .rodata        0x000002d4       0x38 C:/Project/MyDesign/Firmware/QNX/BSP_Standard_Platform/bsp-ti-omap-l137-std-platform/src/hardware/startup/lib/arm/a.le\libstartup.a(armv_chip_2800.o)
                0x000002d4                armv_chip_ixp2800
 .rodata        0x0000030c       0x38 C:/Project/MyDesign/Firmware/QNX/BSP_Standard_Platform/bsp-ti-omap-l137-std-platform/src/hardware/startup/lib/arm/a.le\libstartup.a(armv_chip_425.o)
                0x0000030c                armv_chip_ixp425
 .rodata        0x00000344       0x38 C:/Project/MyDesign/Firmware/QNX/BSP_Standard_Platform/bsp-ti-omap-l137-std-platform/src/hardware/startup/lib/arm/a.le\libstartup.a(armv_chip_465.o)
                0x00000344                armv_chip_ixp465
 .rodata        0x0000037c       0x38 C:/Project/MyDesign/Firmware/QNX/BSP_Standard_Platform/bsp-ti-omap-l137-std-platform/src/hardware/startup/lib/arm/a.le\libstartup.a(armv_chip_720.o)
                0x0000037c                armv_chip_720
 .rodata        0x000003b4       0x38 C:/Project/MyDesign/Firmware/QNX/BSP_Standard_Platform/bsp-ti-omap-l137-std-platform/src/hardware/startup/lib/arm/a.le\libstartup.a(armv_chip_80200.o)
                0x000003b4                armv_chip_80200
 .rodata        0x000003ec       0x38 C:/Project/MyDesign/Firmware/QNX/BSP_Standard_Platform/bsp-ti-omap-l137-std-platform/src/hardware/startup/lib/arm/a.le\libstartup.a(armv_chip_920.o)
                0x000003ec                armv_chip_920
 .rodata        0x00000424       0x38 C:/Project/MyDesign/Firmware/QNX/BSP_Standard_Platform/bsp-ti-omap-l137-std-platform/src/hardware/startup/lib/arm/a.le\libstartup.a(armv_chip_922.o)
                0x00000424                armv_chip_922
 .rodata        0x0000045c       0x38 C:/Project/MyDesign/Firmware/QNX/BSP_Standard_Platform/bsp-ti-omap-l137-std-platform/src/hardware/startup/lib/arm/a.le\libstartup.a(armv_chip_925.o)
                0x0000045c                armv_chip_925
 .rodata        0x00000494       0x38 C:/Project/MyDesign/Firmware/QNX/BSP_Standard_Platform/bsp-ti-omap-l137-std-platform/src/hardware/startup/lib/arm/a.le\libstartup.a(armv_chip_926.o)
                0x00000494                armv_chip_926
 .rodata        0x000004cc       0x38 C:/Project/MyDesign/Firmware/QNX/BSP_Standard_Platform/bsp-ti-omap-l137-std-platform/src/hardware/startup/lib/arm/a.le\libstartup.a(armv_chip_a8.o)
                0x000004cc                armv_chip_a8
 .rodata        0x00000504       0x38 C:/Project/MyDesign/Firmware/QNX/BSP_Standard_Platform/bsp-ti-omap-l137-std-platform/src/hardware/startup/lib/arm/a.le\libstartup.a(armv_chip_mp11.o)
                0x00000504                armv_chip_mp11
 .rodata        0x0000053c       0x38 C:/Project/MyDesign/Firmware/QNX/BSP_Standard_Platform/bsp-ti-omap-l137-std-platform/src/hardware/startup/lib/arm/a.le\libstartup.a(armv_chip_pxa210b.o)
                0x0000053c                armv_chip_pxa210b
 .rodata        0x00000574       0x38 C:/Project/MyDesign/Firmware/QNX/BSP_Standard_Platform/bsp-ti-omap-l137-std-platform/src/hardware/startup/lib/arm/a.le\libstartup.a(armv_chip_pxa210c.o)
                0x00000574                armv_chip_pxa210c
 .rodata        0x000005ac       0x38 C:/Project/MyDesign/Firmware/QNX/BSP_Standard_Platform/bsp-ti-omap-l137-std-platform/src/hardware/startup/lib/arm/a.le\libstartup.a(armv_chip_pxa250a.o)
                0x000005ac                armv_chip_pxa250a
 .rodata        0x000005e4       0x38 C:/Project/MyDesign/Firmware/QNX/BSP_Standard_Platform/bsp-ti-omap-l137-std-platform/src/hardware/startup/lib/arm/a.le\libstartup.a(armv_chip_pxa250b.o)
                0x000005e4                armv_chip_pxa250b
 .rodata        0x0000061c       0x38 C:/Project/MyDesign/Firmware/QNX/BSP_Standard_Platform/bsp-ti-omap-l137-std-platform/src/hardware/startup/lib/arm/a.le\libstartup.a(armv_chip_pxa255.o)
                0x0000061c                armv_chip_pxa255
 .rodata        0x00000654       0x38 C:/Project/MyDesign/Firmware/QNX/BSP_Standard_Platform/bsp-ti-omap-l137-std-platform/src/hardware/startup/lib/arm/a.le\libstartup.a(armv_chip_pxa270.o)
                0x00000654                armv_chip_pxa270
 .rodata        0x0000068c       0x38 C:/Project/MyDesign/Firmware/QNX/BSP_Standard_Platform/bsp-ti-omap-l137-std-platform/src/hardware/startup/lib/arm/a.le\libstartup.a(armv_chip_sa1100.o)
                0x0000068c                armv_chip_sa1100
 .rodata        0x000006c4       0x38 C:/Project/MyDesign/Firmware/QNX/BSP_Standard_Platform/bsp-ti-omap-l137-std-platform/src/hardware/startup/lib/arm/a.le\libstartup.a(armv_chip_sa1110.o)
                0x000006c4                armv_chip_sa1110
 .rodata        0x000006fc       0x18 C:/Project/MyDesign/Firmware/QNX/BSP_Standard_Platform/bsp-ti-omap-l137-std-platform/src/hardware/startup/lib/arm/a.le\libstartup.a(armv_pte_ixp2xxx.o)
                0x000006fc                armv_pte_ixp2xxx
 .rodata        0x00000714       0x18 C:/Project/MyDesign/Firmware/QNX/BSP_Standard_Platform/bsp-ti-omap-l137-std-platform/src/hardware/startup/lib/arm/a.le\libstartup.a(armv_pte_v4wb.o)
                0x00000714                armv_pte_v4wb
 .rodata        0x0000072c       0x18 C:/Project/MyDesign/Firmware/QNX/BSP_Standard_Platform/bsp-ti-omap-l137-std-platform/src/hardware/startup/lib/arm/a.le\libstartup.a(armv_pte_v4wt.o)
                0x0000072c                armv_pte_v4wt
 .rodata        0x00000744       0x18 C:/Project/MyDesign/Firmware/QNX/BSP_Standard_Platform/bsp-ti-omap-l137-std-platform/src/hardware/startup/lib/arm/a.le\libstartup.a(armv_pte_v5wa.o)
                0x00000744                armv_pte_v5wa
 .rodata        0x0000075c       0x18 C:/Project/MyDesign/Firmware/QNX/BSP_Standard_Platform/bsp-ti-omap-l137-std-platform/src/hardware/startup/lib/arm/a.le\libstartup.a(armv_pte_v5wb.o)
                0x0000075c                armv_pte_v5wb
 .rodata        0x00000774       0x18 C:/Project/MyDesign/Firmware/QNX/BSP_Standard_Platform/bsp-ti-omap-l137-std-platform/src/hardware/startup/lib/arm/a.le\libstartup.a(armv_pte_v5wt.o)
                0x00000774                armv_pte_v5wt
 .rodata        0x0000078c       0x18 C:/Project/MyDesign/Firmware/QNX/BSP_Standard_Platform/bsp-ti-omap-l137-std-platform/src/hardware/startup/lib/arm/a.le\libstartup.a(armv_pte_v6mp.o)
                0x0000078c                armv_pte_v6mp
 .rodata        0x000007a4       0x18 C:/Project/MyDesign/Firmware/QNX/BSP_Standard_Platform/bsp-ti-omap-l137-std-platform/src/hardware/startup/lib/arm/a.le\libstartup.a(armv_pte_v6wb.o)
                0x000007a4                armv_pte_v6wb
 .rodata        0x000007bc       0x18 C:/Project/MyDesign/Firmware/QNX/BSP_Standard_Platform/bsp-ti-omap-l137-std-platform/src/hardware/startup/lib/arm/a.le\libstartup.a(armv_pte_v7wb.o)
                0x000007bc                armv_pte_v7wb
 .rodata        0x000007d4       0x18 C:/Project/MyDesign/Firmware/QNX/BSP_Standard_Platform/bsp-ti-omap-l137-std-platform/src/hardware/startup/lib/arm/a.le\libstartup.a(armv_pte_xsc3.o)
                0x000007d4                armv_pte_xsc3
 .rodata        0x000007ec       0x10 C:/Project/MyDesign/Firmware/QNX/BSP_Standard_Platform/bsp-ti-omap-l137-std-platform/src/hardware/startup/lib/arm/a.le\libstartup.a(armv_cache_1020.o)
                0x000007ec                armv_cache_1020
 .rodata        0x000007fc       0x10 C:/Project/MyDesign/Firmware/QNX/BSP_Standard_Platform/bsp-ti-omap-l137-std-platform/src/hardware/startup/lib/arm/a.le\libstartup.a(armv_cache_1136.o)
                0x000007fc                armv_cache_1136
 .rodata        0x0000080c       0x1c C:/Project/MyDesign/Firmware/QNX/BSP_Standard_Platform/bsp-ti-omap-l137-std-platform/src/hardware/startup/lib/arm/a.le\libstartup.a(armv_cache_720.o)
                0x0000080c                armv_cache_720
 .rodata        0x00000828       0x10 C:/Project/MyDesign/Firmware/QNX/BSP_Standard_Platform/bsp-ti-omap-l137-std-platform/src/hardware/startup/lib/arm/a.le\libstartup.a(armv_cache_920.o)
                0x00000828                armv_cache_920
 .rodata        0x00000838       0x10 C:/Project/MyDesign/Firmware/QNX/BSP_Standard_Platform/bsp-ti-omap-l137-std-platform/src/hardware/startup/lib/arm/a.le\libstartup.a(armv_cache_925.o)
                0x00000838                armv_cache_925
 .rodata        0x00000848       0x10 C:/Project/MyDesign/Firmware/QNX/BSP_Standard_Platform/bsp-ti-omap-l137-std-platform/src/hardware/startup/lib/arm/a.le\libstartup.a(armv_cache_a8.o)
                0x00000848                armv_cache_a8
 .rodata        0x00000858       0x10 C:/Project/MyDesign/Firmware/QNX/BSP_Standard_Platform/bsp-ti-omap-l137-std-platform/src/hardware/startup/lib/arm/a.le\libstartup.a(armv_cache_mp11.o)
                0x00000858                armv_cache_mp11
 .rodata        0x00000868       0x28 C:/Project/MyDesign/Firmware/QNX/BSP_Standard_Platform/bsp-ti-omap-l137-std-platform/src/hardware/startup/lib/arm/a.le\libstartup.a(armv_cache_sa1100.o)
                0x00000874                sa1100_icache_config
                0x00000880                armv_cache_sa1100
                0x00000868                sa1100_dcache_config
 .rodata        0x00000890       0x10 C:/Project/MyDesign/Firmware/QNX/BSP_Standard_Platform/bsp-ti-omap-l137-std-platform/src/hardware/startup/lib/arm/a.le\libstartup.a(armv_cache_xsc3.o)
                0x00000890                armv_cache_xsc3
 .rodata        0x000008a0       0x10 C:/Project/MyDesign/Firmware/QNX/BSP_Standard_Platform/bsp-ti-omap-l137-std-platform/src/hardware/startup/lib/arm/a.le\libstartup.a(armv_cache_xscale.o)
                0x000008a0                armv_cache_xscale
 .rodata        0x000008b0      0x100 C:/QNX650/host/win32/x86/usr/lib/gcc/arm-unknown-nto-qnx6.5.0/4.4.2//libgcc.a(_clz.o)
                0x000008b0                __clz_tab

.rodata.str1.4  0x00000000     0x1540
 .rodata.str1.4
                0x00000000       0x30 init_hwinfo.o
 .rodata.str1.4
                0x00000030       0x70 init_qtime.o
 .rodata.str1.4
                0x000000a0       0x78 main.o
 .rodata.str1.4
                0x00000118        0x8 C:/Project/MyDesign/Firmware/QNX/BSP_Standard_Platform/bsp-ti-omap-l137-std-platform/src/hardware/startup/lib/arm/a.le\libstartup.a(_main.o)
 .rodata.str1.4
                0x00000120       0x30 C:/Project/MyDesign/Firmware/QNX/BSP_Standard_Platform/bsp-ti-omap-l137-std-platform/src/hardware/startup/lib/arm/a.le\libstartup.a(callouts.o)
 .rodata.str1.4
                0x00000150        0x4 C:/Project/MyDesign/Firmware/QNX/BSP_Standard_Platform/bsp-ti-omap-l137-std-platform/src/hardware/startup/lib/arm/a.le\libstartup.a(common_options.o)
 .rodata.str1.4
                0x00000154      0x4b4 C:/Project/MyDesign/Firmware/QNX/BSP_Standard_Platform/bsp-ti-omap-l137-std-platform/src/hardware/startup/lib/arm/a.le\libstartup.a(debug.o)
 .rodata.str1.4
                0x00000608       0x18 C:/Project/MyDesign/Firmware/QNX/BSP_Standard_Platform/bsp-ti-omap-l137-std-platform/src/hardware/startup/lib/arm/a.le\libstartup.a(hwi_add_device.o)
 .rodata.str1.4
                0x00000620        0x4 C:/Project/MyDesign/Firmware/QNX/BSP_Standard_Platform/bsp-ti-omap-l137-std-platform/src/hardware/startup/lib/arm/a.le\libstartup.a(hwi_alloc.o)
 .rodata.str1.4
                0x00000624        0xc C:/Project/MyDesign/Firmware/QNX/BSP_Standard_Platform/bsp-ti-omap-l137-std-platform/src/hardware/startup/lib/arm/a.le\libstartup.a(hwi_find_as.o)
 .rodata.str1.4
                0x00000630      0x1c8 C:/Project/MyDesign/Firmware/QNX/BSP_Standard_Platform/bsp-ti-omap-l137-std-platform/src/hardware/startup/lib/arm/a.le\libstartup.a(hwi_omapl137.o)
 .rodata.str1.4
                0x000007f8        0x4 C:/Project/MyDesign/Firmware/QNX/BSP_Standard_Platform/bsp-ti-omap-l137-std-platform/src/hardware/startup/lib/arm/a.le\libstartup.a(hwibus_add_i2c.o)
 .rodata.str1.4
                0x000007fc        0x4 C:/Project/MyDesign/Firmware/QNX/BSP_Standard_Platform/bsp-ti-omap-l137-std-platform/src/hardware/startup/lib/arm/a.le\libstartup.a(hwibus_add_spi.o)
 .rodata.str1.4
                0x00000800        0x4 C:/Project/MyDesign/Firmware/QNX/BSP_Standard_Platform/bsp-ti-omap-l137-std-platform/src/hardware/startup/lib/arm/a.le\libstartup.a(hwibus_add_usb.o)
 .rodata.str1.4
                0x00000804       0x14 C:/Project/MyDesign/Firmware/QNX/BSP_Standard_Platform/bsp-ti-omap-l137-std-platform/src/hardware/startup/lib/arm/a.le\libstartup.a(hwidev_add.o)
 .rodata.str1.4
                0x00000818        0x8 C:/Project/MyDesign/Firmware/QNX/BSP_Standard_Platform/bsp-ti-omap-l137-std-platform/src/hardware/startup/lib/arm/a.le\libstartup.a(hwitag_add_busattr.o)
 .rodata.str1.4
                0x00000820       0x1c C:/Project/MyDesign/Firmware/QNX/BSP_Standard_Platform/bsp-ti-omap-l137-std-platform/src/hardware/startup/lib/arm/a.le\libstartup.a(hwitag_add_common.o)
 .rodata.str1.4
                0x0000083c        0xc C:/Project/MyDesign/Firmware/QNX/BSP_Standard_Platform/bsp-ti-omap-l137-std-platform/src/hardware/startup/lib/arm/a.le\libstartup.a(hwitag_add_inputclk.o)
 .rodata.str1.4
                0x00000848        0x4 C:/Project/MyDesign/Firmware/QNX/BSP_Standard_Platform/bsp-ti-omap-l137-std-platform/src/hardware/startup/lib/arm/a.le\libstartup.a(hwitag_add_irq.o)
 .rodata.str1.4
                0x0000084c        0xc C:/Project/MyDesign/Firmware/QNX/BSP_Standard_Platform/bsp-ti-omap-l137-std-platform/src/hardware/startup/lib/arm/a.le\libstartup.a(hwitag_add_location.o)
 .rodata.str1.4
                0x00000858        0x8 C:/Project/MyDesign/Firmware/QNX/BSP_Standard_Platform/bsp-ti-omap-l137-std-platform/src/hardware/startup/lib/arm/a.le\libstartup.a(hwitag_add_nicaddr.o)
 .rodata.str1.4
                0x00000860        0xc C:/Project/MyDesign/Firmware/QNX/BSP_Standard_Platform/bsp-ti-omap-l137-std-platform/src/hardware/startup/lib/arm/a.le\libstartup.a(hwitag_add_nicphyaddr.o)
 .rodata.str1.4
                0x0000086c        0x8 C:/Project/MyDesign/Firmware/QNX/BSP_Standard_Platform/bsp-ti-omap-l137-std-platform/src/hardware/startup/lib/arm/a.le\libstartup.a(hwitag_add_regname.o)
 .rodata.str1.4
                0x00000874       0x20 C:/Project/MyDesign/Firmware/QNX/BSP_Standard_Platform/bsp-ti-omap-l137-std-platform/src/hardware/startup/lib/arm/a.le\libstartup.a(hwitag_set_avail_ivec.o)
 .rodata.str1.4
                0x00000894        0xc C:/Project/MyDesign/Firmware/QNX/BSP_Standard_Platform/bsp-ti-omap-l137-std-platform/src/hardware/startup/lib/arm/a.le\libstartup.a(hwitag_set_inputclk.o)
 .rodata.str1.4
                0x000008a0        0xc C:/Project/MyDesign/Firmware/QNX/BSP_Standard_Platform/bsp-ti-omap-l137-std-platform/src/hardware/startup/lib/arm/a.le\libstartup.a(hwitag_set_phyaddr.o)
 .rodata.str1.4
                0x000008ac       0x30 C:/Project/MyDesign/Firmware/QNX/BSP_Standard_Platform/bsp-ti-omap-l137-std-platform/src/hardware/startup/lib/arm/a.le\libstartup.a(init_cpuinfo.o)
 .rodata.str1.4
                0x000008dc       0x54 C:/Project/MyDesign/Firmware/QNX/BSP_Standard_Platform/bsp-ti-omap-l137-std-platform/src/hardware/startup/lib/arm/a.le\libstartup.a(init_mmu.o)
 .rodata.str1.4
                0x00000930      0x190 C:/Project/MyDesign/Firmware/QNX/BSP_Standard_Platform/bsp-ti-omap-l137-std-platform/src/hardware/startup/lib/arm/a.le\libstartup.a(init_system_private.o)
 .rodata.str1.4
                0x00000ac0       0x4c C:/Project/MyDesign/Firmware/QNX/BSP_Standard_Platform/bsp-ti-omap-l137-std-platform/src/hardware/startup/lib/arm/a.le\libstartup.a(load_ifs.o)
 .rodata.str1.4
                0x00000b0c       0x6c C:/Project/MyDesign/Firmware/QNX/BSP_Standard_Platform/bsp-ti-omap-l137-std-platform/src/hardware/startup/lib/arm/a.le\libstartup.a(ram.o)
 .rodata.str1.4
                0x00000b78      0x4b4 C:/Project/MyDesign/Firmware/QNX/BSP_Standard_Platform/bsp-ti-omap-l137-std-platform/src/hardware/startup/lib/arm/a.le\libstartup.a(restore_ifs.o)
 .rodata.str1.4
                0x0000102c       0x68 C:/Project/MyDesign/Firmware/QNX/BSP_Standard_Platform/bsp-ti-omap-l137-std-platform/src/hardware/startup/lib/arm/a.le\libstartup.a(startnext.o)
 .rodata.str1.4
                0x00001094       0x3c C:/Project/MyDesign/Firmware/QNX/BSP_Standard_Platform/bsp-ti-omap-l137-std-platform/src/hardware/startup/lib/arm/a.le\libstartup.a(syspage_memory.o)
 .rodata.str1.4
                0x000010d0       0x20 C:/Project/MyDesign/Firmware/QNX/BSP_Standard_Platform/bsp-ti-omap-l137-std-platform/src/hardware/startup/lib/arm/a.le\libstartup.a(uncompress.o)
 .rodata.str1.4
                0x000010f0        0x8 C:/Project/MyDesign/Firmware/QNX/BSP_Standard_Platform/bsp-ti-omap-l137-std-platform/src/hardware/startup/lib/arm/a.le\libstartup.a(uncompress_ucl.o)
 .rodata.str1.4
                0x000010f8       0xec C:/Project/MyDesign/Firmware/QNX/BSP_Standard_Platform/bsp-ti-omap-l137-std-platform/src/hardware/startup/lib/arm/a.le\libstartup.a(arm_cache.o)
 .rodata.str1.4
                0x000011e4       0x34 C:/Project/MyDesign/Firmware/QNX/BSP_Standard_Platform/bsp-ti-omap-l137-std-platform/src/hardware/startup/lib/arm/a.le\libstartup.a(arm_cpuspeed.o)
 .rodata.str1.4
                0x00001218       0x30 C:/Project/MyDesign/Firmware/QNX/BSP_Standard_Platform/bsp-ti-omap-l137-std-platform/src/hardware/startup/lib/arm/a.le\libstartup.a(arm_pte.o)
 .rodata.str1.4
                0x00001248        0x4 C:/Project/MyDesign/Firmware/QNX/BSP_Standard_Platform/bsp-ti-omap-l137-std-platform/src/hardware/startup/lib/arm/a.le\libstartup.a(as_add64.o)
 .rodata.str1.4
                0x0000124c        0x8 C:/Project/MyDesign/Firmware/QNX/BSP_Standard_Platform/bsp-ti-omap-l137-std-platform/src/hardware/startup/lib/arm/a.le\libstartup.a(as_default.o)
 .rodata.str1.4
                0x00001254       0x18 C:/Project/MyDesign/Firmware/QNX/BSP_Standard_Platform/bsp-ti-omap-l137-std-platform/src/hardware/startup/lib/arm/a.le\libstartup.a(as_find.o)
 .rodata.str1.4
                0x0000126c       0xa4 C:/Project/MyDesign/Firmware/QNX/BSP_Standard_Platform/bsp-ti-omap-l137-std-platform/src/hardware/startup/lib/arm/a.le\libstartup.a(cpu_debug.o)
 .rodata.str1.4
                0x00001310       0x1c C:/Project/MyDesign/Firmware/QNX/BSP_Standard_Platform/bsp-ti-omap-l137-std-platform/src/hardware/startup/lib/arm/a.le\libstartup.a(cpu_startnext.o)
 .rodata.str1.4
                0x0000132c       0x34 C:/Project/MyDesign/Firmware/QNX/BSP_Standard_Platform/bsp-ti-omap-l137-std-platform/src/hardware/startup/lib/arm/a.le\libstartup.a(cpu_syspage_memory.o)
 .rodata.str1.4
                0x00001360        0x8 C:/Project/MyDesign/Firmware/QNX/BSP_Standard_Platform/bsp-ti-omap-l137-std-platform/src/hardware/startup/lib/arm/a.le\libstartup.a(elf.o)
 .rodata.str1.4
                0x00001368       0x70 C:/Project/MyDesign/Firmware/QNX/BSP_Standard_Platform/bsp-ti-omap-l137-std-platform/src/hardware/startup/lib/arm/a.le\libstartup.a(elf_map.o)
 .rodata.str1.4
                0x000013d8       0x18 C:/Project/MyDesign/Firmware/QNX/BSP_Standard_Platform/bsp-ti-omap-l137-std-platform/src/hardware/startup/lib/arm/a.le\libstartup.a(hwi_default.o)
 .rodata.str1.4
                0x000013f0        0x8 C:/Project/MyDesign/Firmware/QNX/BSP_Standard_Platform/bsp-ti-omap-l137-std-platform/src/hardware/startup/lib/arm/a.le\libstartup.a(hwibus_add.o)
 .rodata.str1.4
                0x000013f8        0x8 C:/Project/MyDesign/Firmware/QNX/BSP_Standard_Platform/bsp-ti-omap-l137-std-platform/src/hardware/startup/lib/arm/a.le\libstartup.a(armv_chip_1020.o)
 .rodata.str1.4
                0x00001400        0x8 C:/Project/MyDesign/Firmware/QNX/BSP_Standard_Platform/bsp-ti-omap-l137-std-platform/src/hardware/startup/lib/arm/a.le\libstartup.a(armv_chip_1022.o)
 .rodata.str1.4
                0x00001408        0x8 C:/Project/MyDesign/Firmware/QNX/BSP_Standard_Platform/bsp-ti-omap-l137-std-platform/src/hardware/startup/lib/arm/a.le\libstartup.a(armv_chip_1136.o)
 .rodata.str1.4
                0x00001410        0x8 C:/Project/MyDesign/Firmware/QNX/BSP_Standard_Platform/bsp-ti-omap-l137-std-platform/src/hardware/startup/lib/arm/a.le\libstartup.a(armv_chip_1176.o)
 .rodata.str1.4
                0x00001418        0x8 C:/Project/MyDesign/Firmware/QNX/BSP_Standard_Platform/bsp-ti-omap-l137-std-platform/src/hardware/startup/lib/arm/a.le\libstartup.a(armv_chip_1200.o)
 .rodata.str1.4
                0x00001420        0x8 C:/Project/MyDesign/Firmware/QNX/BSP_Standard_Platform/bsp-ti-omap-l137-std-platform/src/hardware/startup/lib/arm/a.le\libstartup.a(armv_chip_23xx.o)
 .rodata.str1.4
                0x00001428        0x8 C:/Project/MyDesign/Firmware/QNX/BSP_Standard_Platform/bsp-ti-omap-l137-std-platform/src/hardware/startup/lib/arm/a.le\libstartup.a(armv_chip_2400.o)
 .rodata.str1.4
                0x00001430        0x8 C:/Project/MyDesign/Firmware/QNX/BSP_Standard_Platform/bsp-ti-omap-l137-std-platform/src/hardware/startup/lib/arm/a.le\libstartup.a(armv_chip_2800.o)
 .rodata.str1.4
                0x00001438        0x8 C:/Project/MyDesign/Firmware/QNX/BSP_Standard_Platform/bsp-ti-omap-l137-std-platform/src/hardware/startup/lib/arm/a.le\libstartup.a(armv_chip_425.o)
 .rodata.str1.4
                0x00001440        0x8 C:/Project/MyDesign/Firmware/QNX/BSP_Standard_Platform/bsp-ti-omap-l137-std-platform/src/hardware/startup/lib/arm/a.le\libstartup.a(armv_chip_465.o)
 .rodata.str1.4
                0x00001448        0x8 C:/Project/MyDesign/Firmware/QNX/BSP_Standard_Platform/bsp-ti-omap-l137-std-platform/src/hardware/startup/lib/arm/a.le\libstartup.a(armv_chip_720.o)
 .rodata.str1.4
                0x00001450        0x8 C:/Project/MyDesign/Firmware/QNX/BSP_Standard_Platform/bsp-ti-omap-l137-std-platform/src/hardware/startup/lib/arm/a.le\libstartup.a(armv_chip_80200.o)
 .rodata.str1.4
                0x00001458        0x8 C:/Project/MyDesign/Firmware/QNX/BSP_Standard_Platform/bsp-ti-omap-l137-std-platform/src/hardware/startup/lib/arm/a.le\libstartup.a(armv_chip_920.o)
 .rodata.str1.4
                0x00001460        0x8 C:/Project/MyDesign/Firmware/QNX/BSP_Standard_Platform/bsp-ti-omap-l137-std-platform/src/hardware/startup/lib/arm/a.le\libstartup.a(armv_chip_922.o)
 .rodata.str1.4
                0x00001468        0x8 C:/Project/MyDesign/Firmware/QNX/BSP_Standard_Platform/bsp-ti-omap-l137-std-platform/src/hardware/startup/lib/arm/a.le\libstartup.a(armv_chip_925.o)
 .rodata.str1.4
                0x00001470        0x8 C:/Project/MyDesign/Firmware/QNX/BSP_Standard_Platform/bsp-ti-omap-l137-std-platform/src/hardware/startup/lib/arm/a.le\libstartup.a(armv_chip_926.o)
 .rodata.str1.4
                0x00001478        0xc C:/Project/MyDesign/Firmware/QNX/BSP_Standard_Platform/bsp-ti-omap-l137-std-platform/src/hardware/startup/lib/arm/a.le\libstartup.a(armv_chip_a8.o)
 .rodata.str1.4
                0x00001484       0x10 C:/Project/MyDesign/Firmware/QNX/BSP_Standard_Platform/bsp-ti-omap-l137-std-platform/src/hardware/startup/lib/arm/a.le\libstartup.a(armv_chip_mp11.o)
 .rodata.str1.4
                0x00001494        0x8 C:/Project/MyDesign/Firmware/QNX/BSP_Standard_Platform/bsp-ti-omap-l137-std-platform/src/hardware/startup/lib/arm/a.le\libstartup.a(armv_chip_pxa210b.o)
 .rodata.str1.4
                0x0000149c        0x8 C:/Project/MyDesign/Firmware/QNX/BSP_Standard_Platform/bsp-ti-omap-l137-std-platform/src/hardware/startup/lib/arm/a.le\libstartup.a(armv_chip_pxa210c.o)
 .rodata.str1.4
                0x000014a4        0x8 C:/Project/MyDesign/Firmware/QNX/BSP_Standard_Platform/bsp-ti-omap-l137-std-platform/src/hardware/startup/lib/arm/a.le\libstartup.a(armv_chip_pxa250a.o)
 .rodata.str1.4
                0x000014ac        0x8 C:/Project/MyDesign/Firmware/QNX/BSP_Standard_Platform/bsp-ti-omap-l137-std-platform/src/hardware/startup/lib/arm/a.le\libstartup.a(armv_chip_pxa250b.o)
 .rodata.str1.4
                0x000014b4        0x8 C:/Project/MyDesign/Firmware/QNX/BSP_Standard_Platform/bsp-ti-omap-l137-std-platform/src/hardware/startup/lib/arm/a.le\libstartup.a(armv_chip_pxa255.o)
 .rodata.str1.4
                0x000014bc        0x8 C:/Project/MyDesign/Firmware/QNX/BSP_Standard_Platform/bsp-ti-omap-l137-std-platform/src/hardware/startup/lib/arm/a.le\libstartup.a(armv_chip_pxa270.o)
 .rodata.str1.4
                0x000014c4        0x8 C:/Project/MyDesign/Firmware/QNX/BSP_Standard_Platform/bsp-ti-omap-l137-std-platform/src/hardware/startup/lib/arm/a.le\libstartup.a(armv_chip_sa1100.o)
 .rodata.str1.4
                0x000014cc        0x8 C:/Project/MyDesign/Firmware/QNX/BSP_Standard_Platform/bsp-ti-omap-l137-std-platform/src/hardware/startup/lib/arm/a.le\libstartup.a(armv_chip_sa1110.o)
 .rodata.str1.4
                0x000014d4       0x1c C:/Project/MyDesign/Firmware/QNX/BSP_Standard_Platform/bsp-ti-omap-l137-std-platform/src/hardware/startup/lib/arm/a.le\libstartup.a(armv_setup_mp11.o)
 .rodata.str1.4
                0x000014f0       0x10 C:/Project/MyDesign/Firmware/QNX/BSP_Standard_Platform/bsp-ti-omap-l137-std-platform/src/hardware/startup/lib/arm/a.le\libstartup.a(armv_setup_v6.o)
 .rodata.str1.4
                0x00001500       0x10 C:/Project/MyDesign/Firmware/QNX/BSP_Standard_Platform/bsp-ti-omap-l137-std-platform/src/hardware/startup/lib/arm/a.le\libstartup.a(armv_setup_v7.o)
 .rodata.str1.4
                0x00001510        0x4 C:/Project/MyDesign/Firmware/QNX/BSP_Standard_Platform/bsp-ti-omap-l137-std-platform/src/hardware/startup/boards/../../../../install/armle/usr/lib\libdrvr.a(hwi_find_bus.o)
 .rodata.str1.4
                0x00001514        0x8 C:/Project/MyDesign/Firmware/QNX/BSP_Standard_Platform/bsp-ti-omap-l137-std-platform/src/hardware/startup/boards/../../../../install/armle/usr/lib\libdrvr.a(hwi_find_device.o)
 .rodata.str1.4
                0x0000151c        0xc C:/Project/MyDesign/Firmware/QNX/BSP_Standard_Platform/bsp-ti-omap-l137-std-platform/src/hardware/startup/boards/../../../../install/armle/usr/lib\libdrvr.a(hwi_find_unit.o)
 .rodata.str1.4
                0x00001528        0xc C:/Project/MyDesign/Firmware/QNX/BSP_Standard_Platform/bsp-ti-omap-l137-std-platform/src/hardware/startup/boards/../../../../install/armle/usr/lib\libdrvr.a(hwitag_find_clkfreq.o)
 .rodata.str1.4
                0x00001534        0x4 C:/Project/MyDesign/Firmware/QNX/BSP_Standard_Platform/bsp-ti-omap-l137-std-platform/src/hardware/startup/boards/../../../../install/armle/usr/lib\libdrvr.a(hwitag_find_ivec.o)
 .rodata.str1.4
                0x00001538        0x8 C:/Project/MyDesign/Firmware/QNX/BSP_Standard_Platform/bsp-ti-omap-l137-std-platform/src/hardware/startup/boards/../../../../install/armle/usr/lib\libdrvr.a(hwi_find.o)

.rodata1
 *(.rodata1)

.ARM.extab
 *(.ARM.extab)

.ARM.exidx
 *(.ARM.exidx)

.eh_frame_hdr
 *(.eh_frame_hdr)

.eh_frame
 *(.eh_frame)

.gcc_except_table
 *(.gcc_except_table .gcc_except_table.*)

.eh_frame
 *(.eh_frame)

.gcc_except_table
 *(.gcc_except_table .gcc_except_table.*)

.tdata
 *(.tdata)

.tbss
 *(.tbss)

.preinit_array
 *(.preinit_array)

.init_array
 *(SORT(.init_array.*))
 *(.init_array)

.fini_array
 *(.fini_array)
 *(SORT(.fini_array.*))

.jcr
 *(.jcr)

.dynamic
 *(.dynamic)

.got
 *(.got.plt)
 *(.got)

.data           0x00000000      0xd90
 *(.data)
 .data          0x00000000        0x0 hw_rtc_omapl1xx.o
 .data          0x00000000        0x0 init_asinfo.o
 .data          0x00000000        0x0 init_gpio.o
 .data          0x00000000        0x0 init_hwinfo.o
 .data          0x00000000       0x20 init_intrinfo.o
 .data          0x00000020        0x0 init_qtime.o
 .data          0x00000020        0x0 init_raminfo.o
 .data          0x00000020        0x0 main.o
 .data          0x00000020        0x0 rtc_time.o
 .data          0x00000020       0x1c C:/Project/MyDesign/Firmware/QNX/BSP_Standard_Platform/bsp-ti-omap-l137-std-platform/src/hardware/startup/lib/arm/a.le\libstartup.a(_main.o)
                0x00000034                system_dcache_idx
                0x0000002c                max_cpus
                0x00000038                mdriver_check
                0x00000020                mdriver_hook
                0x00000030                system_icache_idx
                0x00000028                paddr_bits
                0x00000024                smp_hook_rtn
 .data          0x0000003c        0x0 C:/Project/MyDesign/Firmware/QNX/BSP_Standard_Platform/bsp-ti-omap-l137-std-platform/src/hardware/startup/lib/arm/a.le\libstartup.a(add_interrupt.o)
 .data          0x0000003c        0x0 C:/Project/MyDesign/Firmware/QNX/BSP_Standard_Platform/bsp-ti-omap-l137-std-platform/src/hardware/startup/lib/arm/a.le\libstartup.a(alloc_qtime.o)
 .data          0x0000003c        0x0 C:/Project/MyDesign/Firmware/QNX/BSP_Standard_Platform/bsp-ti-omap-l137-std-platform/src/hardware/startup/lib/arm/a.le\libstartup.a(bcd2bin.o)
 .data          0x0000003c        0x0 C:/Project/MyDesign/Firmware/QNX/BSP_Standard_Platform/bsp-ti-omap-l137-std-platform/src/hardware/startup/lib/arm/a.le\libstartup.a(board_init.o)
 .data          0x0000003c        0x0 C:/Project/MyDesign/Firmware/QNX/BSP_Standard_Platform/bsp-ti-omap-l137-std-platform/src/hardware/startup/lib/arm/a.le\libstartup.a(calc_time_t.o)
 .data          0x0000003c        0x0 C:/Project/MyDesign/Firmware/QNX/BSP_Standard_Platform/bsp-ti-omap-l137-std-platform/src/hardware/startup/lib/arm/a.le\libstartup.a(callout_debug_8250.o)
 .data          0x0000003c        0x0 C:/Project/MyDesign/Firmware/QNX/BSP_Standard_Platform/bsp-ti-omap-l137-std-platform/src/hardware/startup/lib/arm/a.le\libstartup.a(callout_interrupt_dm6446_edma.o)
 .data          0x0000003c        0x0 C:/Project/MyDesign/Firmware/QNX/BSP_Standard_Platform/bsp-ti-omap-l137-std-platform/src/hardware/startup/lib/arm/a.le\libstartup.a(callout_interrupt_omapl1xx.o)
 .data          0x0000003c        0x0 C:/Project/MyDesign/Firmware/QNX/BSP_Standard_Platform/bsp-ti-omap-l137-std-platform/src/hardware/startup/lib/arm/a.le\libstartup.a(callout_interrupt_omapl1xx_gpio.o)
 .data          0x0000003c        0x0 C:/Project/MyDesign/Firmware/QNX/BSP_Standard_Platform/bsp-ti-omap-l137-std-platform/src/hardware/startup/lib/arm/a.le\libstartup.a(callout_reboot_omapl1xx.o)
 .data          0x0000003c        0x0 C:/Project/MyDesign/Firmware/QNX/BSP_Standard_Platform/bsp-ti-omap-l137-std-platform/src/hardware/startup/lib/arm/a.le\libstartup.a(callout_timer_omapl1xx.o)
 .data          0x0000003c        0x4 C:/Project/MyDesign/Firmware/QNX/BSP_Standard_Platform/bsp-ti-omap-l137-std-platform/src/hardware/startup/lib/arm/a.le\libstartup.a(callouts.o)
                0x0000003c                callout_output_rtn
 .data          0x00000040        0x0 C:/Project/MyDesign/Firmware/QNX/BSP_Standard_Platform/bsp-ti-omap-l137-std-platform/src/hardware/startup/lib/arm/a.le\libstartup.a(chip_access.o)
 .data          0x00000040        0x0 C:/Project/MyDesign/Firmware/QNX/BSP_Standard_Platform/bsp-ti-omap-l137-std-platform/src/hardware/startup/lib/arm/a.le\libstartup.a(common_options.o)
 .data          0x00000040        0x0 C:/Project/MyDesign/Firmware/QNX/BSP_Standard_Platform/bsp-ti-omap-l137-std-platform/src/hardware/startup/lib/arm/a.le\libstartup.a(cpu_common_options.o)
 .data          0x00000040        0x0 C:/Project/MyDesign/Firmware/QNX/BSP_Standard_Platform/bsp-ti-omap-l137-std-platform/src/hardware/startup/lib/arm/a.le\libstartup.a(cpu_startup.o)
 .data          0x00000040      0xc08 C:/Project/MyDesign/Firmware/QNX/BSP_Standard_Platform/bsp-ti-omap-l137-std-platform/src/hardware/startup/lib/arm/a.le\libstartup.a(cstart.o)
                0x00000c48                stack
                0x00000040                boot_args
 .data          0x00000c48       0xc0 C:/Project/MyDesign/Firmware/QNX/BSP_Standard_Platform/bsp-ti-omap-l137-std-platform/src/hardware/startup/lib/arm/a.le\libstartup.a(debug.o)
 .data          0x00000d08        0x0 C:/Project/MyDesign/Firmware/QNX/BSP_Standard_Platform/bsp-ti-omap-l137-std-platform/src/hardware/startup/lib/arm/a.le\libstartup.a(getopt.o)
 .data          0x00000d08        0x0 C:/Project/MyDesign/Firmware/QNX/BSP_Standard_Platform/bsp-ti-omap-l137-std-platform/src/hardware/startup/lib/arm/a.le\libstartup.a(getsize.o)
 .data          0x00000d08        0x0 C:/Project/MyDesign/Firmware/QNX/BSP_Standard_Platform/bsp-ti-omap-l137-std-platform/src/hardware/startup/lib/arm/a.le\libstartup.a(hw_ser8250.o)
 .data          0x00000d08        0x0 C:/Project/MyDesign/Firmware/QNX/BSP_Standard_Platform/bsp-ti-omap-l137-std-platform/src/hardware/startup/lib/arm/a.le\libstartup.a(hwi_add_device.o)
 .data          0x00000d08        0x0 C:/Project/MyDesign/Firmware/QNX/BSP_Standard_Platform/bsp-ti-omap-l137-std-platform/src/hardware/startup/lib/arm/a.le\libstartup.a(hwi_add_location.o)
 .data          0x00000d08        0x0 C:/Project/MyDesign/Firmware/QNX/BSP_Standard_Platform/bsp-ti-omap-l137-std-platform/src/hardware/startup/lib/arm/a.le\libstartup.a(hwi_alloc.o)
 .data          0x00000d08        0x0 C:/Project/MyDesign/Firmware/QNX/BSP_Standard_Platform/bsp-ti-omap-l137-std-platform/src/hardware/startup/lib/arm/a.le\libstartup.a(hwi_find_as.o)
 .data          0x00000d08        0x0 C:/Project/MyDesign/Firmware/QNX/BSP_Standard_Platform/bsp-ti-omap-l137-std-platform/src/hardware/startup/lib/arm/a.le\libstartup.a(hwi_omapl137.o)
 .data          0x00000d08        0x0 C:/Project/MyDesign/Firmware/QNX/BSP_Standard_Platform/bsp-ti-omap-l137-std-platform/src/hardware/startup/lib/arm/a.le\libstartup.a(hwibus_add_i2c.o)
 .data          0x00000d08        0x0 C:/Project/MyDesign/Firmware/QNX/BSP_Standard_Platform/bsp-ti-omap-l137-std-platform/src/hardware/startup/lib/arm/a.le\libstartup.a(hwibus_add_spi.o)
 .data          0x00000d08        0x0 C:/Project/MyDesign/Firmware/QNX/BSP_Standard_Platform/bsp-ti-omap-l137-std-platform/src/hardware/startup/lib/arm/a.le\libstartup.a(hwibus_add_usb.o)
 .data          0x00000d08        0x0 C:/Project/MyDesign/Firmware/QNX/BSP_Standard_Platform/bsp-ti-omap-l137-std-platform/src/hardware/startup/lib/arm/a.le\libstartup.a(hwidev_add.o)
 .data          0x00000d08        0x0 C:/Project/MyDesign/Firmware/QNX/BSP_Standard_Platform/bsp-ti-omap-l137-std-platform/src/hardware/startup/lib/arm/a.le\libstartup.a(hwidev_add_enet.o)
 .data          0x00000d08        0x0 C:/Project/MyDesign/Firmware/QNX/BSP_Standard_Platform/bsp-ti-omap-l137-std-platform/src/hardware/startup/lib/arm/a.le\libstartup.a(hwidev_add_rtc.o)
 .data          0x00000d08        0x0 C:/Project/MyDesign/Firmware/QNX/BSP_Standard_Platform/bsp-ti-omap-l137-std-platform/src/hardware/startup/lib/arm/a.le\libstartup.a(hwidev_add_timer.o)
 .data          0x00000d08        0x0 C:/Project/MyDesign/Firmware/QNX/BSP_Standard_Platform/bsp-ti-omap-l137-std-platform/src/hardware/startup/lib/arm/a.le\libstartup.a(hwidev_add_uart.o)
 .data          0x00000d08        0x0 C:/Project/MyDesign/Firmware/QNX/BSP_Standard_Platform/bsp-ti-omap-l137-std-platform/src/hardware/startup/lib/arm/a.le\libstartup.a(hwitag_add_busattr.o)
 .data          0x00000d08        0x0 C:/Project/MyDesign/Firmware/QNX/BSP_Standard_Platform/bsp-ti-omap-l137-std-platform/src/hardware/startup/lib/arm/a.le\libstartup.a(hwitag_add_common.o)
 .data          0x00000d08        0x0 C:/Project/MyDesign/Firmware/QNX/BSP_Standard_Platform/bsp-ti-omap-l137-std-platform/src/hardware/startup/lib/arm/a.le\libstartup.a(hwitag_add_inputclk.o)
 .data          0x00000d08        0x0 C:/Project/MyDesign/Firmware/QNX/BSP_Standard_Platform/bsp-ti-omap-l137-std-platform/src/hardware/startup/lib/arm/a.le\libstartup.a(hwitag_add_irq.o)
 .data          0x00000d08        0x0 C:/Project/MyDesign/Firmware/QNX/BSP_Standard_Platform/bsp-ti-omap-l137-std-platform/src/hardware/startup/lib/arm/a.le\libstartup.a(hwitag_add_location.o)
 .data          0x00000d08        0x0 C:/Project/MyDesign/Firmware/QNX/BSP_Standard_Platform/bsp-ti-omap-l137-std-platform/src/hardware/startup/lib/arm/a.le\libstartup.a(hwitag_add_nicaddr.o)
 .data          0x00000d08        0x0 C:/Project/MyDesign/Firmware/QNX/BSP_Standard_Platform/bsp-ti-omap-l137-std-platform/src/hardware/startup/lib/arm/a.le\libstartup.a(hwitag_add_nicphyaddr.o)
 .data          0x00000d08        0x0 C:/Project/MyDesign/Firmware/QNX/BSP_Standard_Platform/bsp-ti-omap-l137-std-platform/src/hardware/startup/lib/arm/a.le\libstartup.a(hwitag_add_regname.o)